Component: ARM Compiler 5.06 update 1 (build 61) Tool: armlink [4d35a8]

==============================================================================

Section Cross References

    stm32f4xx_it.o(.text) refers to encoder_position.o(.text) for PreProcess_Get_Velocity_IRQHandler
    stm32f4xx_it.o(.text) refers to gps.o(.text) for GPS_Pre_Process
    stm32f4xx_it.o(.text) refers to stm32f4xx_hal_cortex.o(.text) for HAL_SYSTICK_IRQHandler
    stm32f4xx_it.o(.text) refers to control.o(.text) for HAL_GPIO_EXTI_Callback
    stm32f4xx_it.o(.text) refers to stm32f4xx_hal_uart.o(.text) for HAL_UART_IRQHandler
    stm32f4xx_it.o(.text) refers to stm32f4xx_hal.o(.data) for uwTick
    stm32f4xx_it.o(.text) refers to control.o(.bss) for MOTOR_LEFT_HANDLE
    stm32f4xx_it.o(.text) refers to stm32f4xx_it.o(.data) for .data
    stm32f4xx_it.o(.text) refers to gps.o(.bss) for huart2
    main.o(.text) refers to stm32f4xx_hal_gpio.o(.text) for HAL_GPIO_WritePin
    main.o(.text) refers to stm32f4xx_hal_cortex.o(.text) for HAL_NVIC_SetPriority
    main.o(.text) refers to stm32f4xx_hal_rcc.o(.text) for HAL_RCC_OscConfig
    main.o(.text) refers to stm32f4xx_hal.o(.text) for HAL_Init
    main.o(.text) refers to stm32f4xx_hal_sd.o(.text) for HAL_SD_Init
    main.o(.text) refers to pwm.o(.text) for MX_TIM4_PWM_Init
    main.o(.text) refers to encoder_position.o(.text) for MX_TIM3_Encoder_Init
    main.o(.text) refers to encoder_velocity.o(.text) for MX_MOTORRIGHT_IC_Init
    main.o(.text) refers to control.o(.text) for Motor_Handle_Init
    main.o(.text) refers to stm32f4xx_hal_tim.o(.text) for HAL_TIM_Encoder_Start
    main.o(.text) refers to gps.o(.text) for MX_DMA_Init
    main.o(.text) refers to stm32f4xx_hal_uart.o(.text) for HAL_UART_Receive_DMA
    main.o(.text) refers to stm32f4xx_hal_i2c.o(.text) for HAL_I2C_Init
    main.o(.text) refers to main.o(.bss) for .bss
    main.o(.text) refers to encoder_position.o(.bss) for TIM_MOTORRIGHT_POSITION_Handle
    main.o(.text) refers to gps.o(.bss) for xbuffer
    stm32f4xx_hal_msp.o(.text) refers to stm32f4xx_hal_cortex.o(.text) for HAL_NVIC_SetPriorityGrouping
    stm32f4xx_hal_msp.o(.text) refers to stm32f4xx_hal_gpio.o(.text) for HAL_GPIO_Init
    stm32f4xx_hal_msp.o(.text) refers to stm32f4xx_hal_dma.o(.text) for HAL_DMA_Init
    stm32f4xx_hal_msp.o(.text) refers to main.o(.text) for _Error_Handler
    stm32f4xx_hal_msp.o(.text) refers to gps.o(.bss) for hdma_uart4_rx
    stm32f4xx_hal_msp.o(.text) refers to gps.o(.bss) for hdma_uart4_tx
    stm32f4xx_hal_msp.o(.text) refers to gps.o(.bss) for hdma_uart1_rx
    system_stm32f4xx.o(.text) refers to system_stm32f4xx.o(.data) for .data
    system_stm32f4xx.o(.text) refers to system_stm32f4xx.o(.constdata) for .constdata
    startup_stm32f407xx.o(RESET) refers to startup_stm32f407xx.o(STACK) for __initial_sp
    startup_stm32f407xx.o(RESET) refers to startup_stm32f407xx.o(.text) for Reset_Handler
    startup_stm32f407xx.o(RESET) refers to stm32f4xx_it.o(.text) for NMI_Handler
    startup_stm32f407xx.o(.text) refers to system_stm32f4xx.o(.text) for SystemInit
    startup_stm32f407xx.o(.text) refers to entry.o(.ARM.Collect$$$$00000000) for __main
    stm32f4xx_hal_gpio.o(.text) refers to control.o(.text) for HAL_GPIO_EXTI_Callback
    stm32f4xx_hal_dma.o(.text) refers to stm32f4xx_hal.o(.text) for HAL_GetTick
    stm32f4xx_hal_dma.o(.text) refers to stm32f4xx_hal_dma.o(.constdata) for .constdata
    stm32f4xx_hal_dma.o(.text) refers to system_stm32f4xx.o(.data) for SystemCoreClock
    stm32f4xx_hal_flash.o(.text) refers to stm32f4xx_hal.o(.text) for HAL_GetTick
    stm32f4xx_hal_flash.o(.text) refers to stm32f4xx_hal_flash_ex.o(.text) for FLASH_Erase_Sector
    stm32f4xx_hal_flash.o(.text) refers to stm32f4xx_hal_flash.o(.bss) for .bss
    stm32f4xx_hal_flash_ex.o(.text) refers to stm32f4xx_hal_flash.o(.text) for FLASH_WaitForLastOperation
    stm32f4xx_hal_flash_ex.o(.text) refers to stm32f4xx_hal_flash.o(.bss) for pFlash
    stm32f4xx_hal_uart.o(.text) refers to stm32f4xx_hal_rcc.o(.text) for HAL_RCC_GetPCLK2Freq
    stm32f4xx_hal_uart.o(.text) refers to stm32f4xx_hal_msp.o(.text) for HAL_UART_MspInit
    stm32f4xx_hal_uart.o(.text) refers to stm32f4xx_hal.o(.text) for HAL_GetTick
    stm32f4xx_hal_uart.o(.text) refers to stm32f4xx_hal_dma.o(.text) for HAL_DMA_Start_IT
    stm32f4xx_hal_sd.o(.text) refers to stm32f4xx_ll_sdmmc.o(.text) for SDIO_GetPowerState
    stm32f4xx_hal_sd.o(.text) refers to stm32f4xx_hal.o(.text) for HAL_Delay
    stm32f4xx_hal_sd.o(.text) refers to stm32f4xx_hal_msp.o(.text) for HAL_SD_MspInit
    stm32f4xx_hal_sd.o(.text) refers to stm32f4xx_hal_dma.o(.text) for HAL_DMA_Start_IT
    stm32f4xx_hal.o(.text) refers to stm32f4xx_hal_cortex.o(.text) for HAL_SYSTICK_Config
    stm32f4xx_hal.o(.text) refers to stm32f4xx_hal_msp.o(.text) for HAL_MspInit
    stm32f4xx_hal.o(.text) refers to system_stm32f4xx.o(.data) for SystemCoreClock
[...]
    .bss                                     0x200004e4   Section      120  pwm.o(.bss)
    .bss                                     0x2000055c   Section      152  encoder_velocity.o(.bss)
    .bss                                     0x200005f8   Section      168  encoder_position.o(.bss)
    .bss                                     0x200006a0   Section      816  control.o(.bss)
    .bss                                     0x200009d0   Section     2440  gps.o(.bss)
    .bss                                     0x20001358   Section       96  gps.o(.bss)
    .bss                                     0x200013b8   Section       96  gps.o(.bss)
    .bss                                     0x20001418   Section       96  gps.o(.bss)
    .bss                                     0x20001478   Section     2512  stanley.o(.bss)
    STACK                                    0x20001e48   Section     1024  startup_stm32f407xx.o(STACK)

    Global Symbols

    Symbol Name                              Value     Ov Type        Size  Object(Section)

    BuildAttributes$$THM_ISAv4$E$P$D$K$B$S$7EM$VFPi3$EXTD16$VFPS$VFMA$PE$A:L22UL41UL21$X:L11$S22US41US21$IEEE1$IW$USESV6$~STKCKD$USESV7$~SHL$OTIME$ROPI$IEEEX$EBA8$MICROLIB$REQ8$PRES8$EABIv2 0x00000000   Number         0  anon$$obj.o ABSOLUTE
    __ARM_use_no_argv                        0x00000000   Number         0  main.o ABSOLUTE
    __cpp_initialize__aeabi_                  - Undefined Weak Reference
    __cxa_finalize                            - Undefined Weak Reference
    _clock_init                               - Undefined Weak Reference
    _microlib_exit                            - Undefined Weak Reference
    __Vectors_Size                           0x00000188   Number         0  startup_stm32f407xx.o ABSOLUTE
    __Vectors                                0x08000000   Data           4  startup_stm32f407xx.o(RESET)
    __Vectors_End                            0x08000188   Data           0  startup_stm32f407xx.o(RESET)
    __main                                   0x08000189   Thumb Code     0  entry.o(.ARM.Collect$$$$00000000)
    _main_stk                                0x08000189   Thumb Code     0  entry2.o(.ARM.Collect$$$$00000001)
    _main_scatterload                        0x0800018d   Thumb Code     0  entry5.o(.ARM.Collect$$$$00000004)
    __main_after_scatterload                 0x08000191   Thumb Code     0  entry5.o(.ARM.Collect$$$$00000004)
    _main_clock                              0x08000191   Thumb Code     0  entry7b.o(.ARM.Collect$$$$00000008)
    _main_cpp_init                           0x08000191   Thumb Code     0  entry8b.o(.ARM.Collect$$$$0000000A)
    _main_init                               0x08000191   Thumb Code     0  entry9a.o(.ARM.Collect$$$$0000000B)
    __rt_final_cpp                           0x08000199   Thumb Code     0  entry10a.o(.ARM.Collect$$$$0000000D)
    __rt_final_exit                          0x08000199   Thumb Code     0  entry11a.o(.ARM.Collect$$$$0000000F)
    NMI_Handler                              0x0800019d   Thumb Code     2  stm32f4xx_it.o(.text)
    HardFault_Handler                        0x0800019f   Thumb Code     2  stm32f4xx_it.o(.text)
    MemManage_Handler                        0x080001a1   Thumb Code     2  stm32f4xx_it.o(.text)
    BusFault_Handler                         0x080001a3   Thumb Code     2  stm32f4xx_it.o(.text)
    UsageFault_Handler                       0x080001a5   Thumb Code     2  stm32f4xx_it.o(.text)
    SVC_Handler                              0x080001a7   Thumb Code     2  stm32f4xx_it.o(.text)
    DebugMon_Handler                         0x080001a9   Thumb Code     2  stm32f4xx_it.o(.text)
    PendSV_Handler                           0x080001ab   Thumb Code     2  stm32f4xx_it.o(.text)
    HAL_IncTick                              0x080001ad   Thumb Code    10  stm32f4xx_it.o(.text)
    Systick_IsTimeOut                        0x080001b7   Thumb Code    18  stm32f4xx_it.o(.text)
    SysTick_Handler                          0x080001c9   Thumb Code    56  stm32f4xx_it.o(.text)
    SysTick_GetTick                          0x08000201   Thumb Code     6  stm32f4xx_it.o(.text)
    TIM1_UP_TIM10_IRQHandler                 0x08000207   Thumb Code     2  stm32f4xx_it.o(.text)
    TIM1_CC_IRQHandler                       0x08000209   Thumb Code     2  stm32f4xx_it.o(.text)
    TIM2_IRQHandler                          0x0800020b   Thumb Code     2  stm32f4xx_it.o(.text)
    EXTI15_10_IRQHandler                     0x0800020d   Thumb Code    44  stm32f4xx_it.o(.text)
    USART2_IRQHandler                        0x08000239   Thumb Code     6  stm32f4xx_it.o(.text)
    _Error_Handler                           0x08000259   Thumb Code     2  main.o(.text)
    SystemClock_Config                       0x08000355   Thumb Code   154  main.o(.text)
    main                                     0x080003ef   Thumb Code   144  main.o(.text)
    HAL_MspInit                              0x080004e9   Thumb Code    88  stm32f4xx_hal_msp.o(.text)
    HAL_I2C_MspInit                          0x08000541   Thumb Code    62  stm32f4xx_hal_msp.o(.text)
    HAL_I2C_MspDeInit                        0x0800057f   Thumb Code    28  stm32f4xx_hal_msp.o(.text)
    HAL_SD_MspInit                           0x0800059b   Thumb Code    86  stm32f4xx_hal_msp.o(.text)
    HAL_SD_MspDeInit                         0x080005f1   Thumb Code    46  stm32f4xx_hal_msp.o(.text)
    HAL_TIM_Base_MspInit                     0x0800061f   Thumb Code   218  stm32f4xx_hal_msp.o(.text)
    HAL_TIM_Encoder_MspInit                  0x080006f9   Thumb Code   122  stm32f4xx_hal_msp.o(.text)
    HAL_TIM_MspPostInit                      0x08000773   Thumb Code    66  stm32f4xx_hal_msp.o(.text)
    HAL_TIM_Base_MspDeInit                   0x080007b5   Thumb Code    84  stm32f4xx_hal_msp.o(.text)
    HAL_TIM_Encoder_MspDeInit                0x08000809   Thumb Code    52  stm32f4xx_hal_msp.o(.text)
    HAL_UART_MspInit                         0x0800083d   Thumb Code   522  stm32f4xx_hal_msp.o(.text)
    HAL_UART_MspDeInit                       0x08000a47   Thumb Code    98  stm32f4xx_hal_msp.o(.text)
    SystemInit                               0x08000ac9   Thumb Code    66  system_stm32f4xx.o(.text)
    SystemCoreClockUpdate                    0x08000b0b   Thumb Code   106  system_stm32f4xx.o(.text)
    Reset_Handler                            0x08000b91   Thumb Code     8  startup_stm32f407xx.o(.text)
    ADC_IRQHandler                           0x08000bab   Thumb Code     0  startup_stm32f407xx.o(.text)
    CAN1_RX0_IRQHandler                      0x08000bab   Thumb Code     0  startup_stm32f407xx.o(.text)
    CAN1_RX1_IRQHandler                      0x08000bab   Thumb Code     0  startup_stm32f407xx.o(.text)
    CAN1_SCE_IRQHandler                      0x08000bab   Thumb Code     0  startup_stm32f407xx.o(.text)
    CAN1_TX_IRQHandler                       0x08000bab   Thumb Code     0  startup_stm32f407xx.o(.text)
    CAN2_RX0_IRQHandler                      0x08000bab   Thumb Code     0  startup_stm32f407xx.o(.text)
    CAN2_RX1_IRQHandler                      0x08000bab   Thumb Code     0  startup_stm32f407xx.o(.text)
    CAN2_SCE_IRQHandler                      0x08000bab   Thumb Code     0  startup_stm32f407xx.o(.text)
    CAN2_TX_IRQHandler                       0x08000bab   Thumb Code     0  startup_stm32f407xx.o(.text)
    DCMI_IRQHandler                          0x08000bab   Thumb Code     0  startup_stm32f407xx.o(.text)
    DMA1_Stream0_IRQHandler                  0x08000bab   Thumb Code     0  startup_stm32f407xx.o(.text)
    DMA1_Stream1_IRQHandler                  0x08000bab   Thumb Code     0  startup_stm32f407xx.o(.text)
    DMA1_Stream2_IRQHandler                  0x08000bab   Thumb Code     0  startup_stm32f407xx.o(.text)
    DMA1_Stream3_IRQHandler                  0x08000bab   Thumb Code     0  startup_stm32f407xx.o(.text)
    DMA1_Stream4_IRQHandler                  0x08000bab   Thumb Code     0  startup_stm32f407xx.o(.text)
    DMA1_Stream5_IRQHandler                  0x08000bab   Thumb Code     0  startup_stm32f407xx.o(.text)
    DMA1_Stream6_IRQHandler                  0x08000bab   Thumb Code     0  startup_stm32f407xx.o(.text)
    DMA1_Stream7_IRQHandler                  0x08000bab   Thumb Code     0  startup_stm32f407xx.o(.text)
    DMA2_Stream0_IRQHandler                  0x08000bab   Thumb Code     0  startup_stm32f407xx.o(.text)
    DMA2_Stream1_IRQHandler                  0x08000bab   Thumb Code     0  startup_stm32f407xx.o(.text)
    DMA2_Stream2_IRQHandler                  0x08000bab   Thumb Code     0  startup_stm32f407xx.o(.text)
    DMA2_Stream3_IRQHandler                  0x08000bab   Thumb Code     0  startup_stm32f407xx.o(.text)
    DMA2_Stream4_IRQHandler                  0x08000bab   Thumb Code     0  startup_stm32f407xx.o(.text)
    DMA2_Stream5_IRQHandler                  0x08000bab   Thumb Code     0  startup_stm32f407xx.o(.text)
    DMA2_Stream6_IRQHandler                  0x08000bab   Thumb Code     0  startup_stm32f407xx.o(.text)
    DMA2_Stream7_IRQHandler                  0x08000bab   Thumb Code     0  startup_stm32f407xx.o(.text)
    ETH_IRQHandler                           0x08000bab   Thumb Code     0  startup_stm32f407xx.o(.text)
    ETH_WKUP_IRQHandler                      0x08000bab   Thumb Code     0  startup_stm32f407xx.o(.text)
    EXTI0_IRQHandler                         0x08000bab   Thumb Code     0  startup_stm32f407xx.o(.text)
    EXTI1_IRQHandler                         0x08000bab   Thumb Code     0  startup_stm32f407xx.o(.text)
    EXTI2_IRQHandler                         0x08000bab   Thumb Code     0  startup_stm32f407xx.o(.text)
    EXTI3_IRQHandler                         0x08000bab   Thumb Code     0  startup_stm32f407xx.o(.text)
    EXTI4_IRQHandler                         0x08000bab   Thumb Code     0  startup_stm32f407xx.o(.text)
    EXTI9_5_IRQHandler                       0x08000bab   Thumb Code     0  startup_stm32f407xx.o(.text)
    FLASH_IRQHandler                         0x08000bab   Thumb Code     0  startup_stm32f407xx.o(.text)
    FMC_IRQHandler                           0x08000bab   Thumb Code     0  startup_stm32f407xx.o(.text)
    FPU_IRQHandler                           0x08000bab   Thumb Code     0  startup_stm32f407xx.o(.text)
    HASH_RNG_IRQHandler                      0x08000bab   Thumb Code     0  startup_stm32f407xx.o(.text)
    I2C1_ER_IRQHandler                       0x08000bab   Thumb Code     0  startup_stm32f407xx.o(.text)
    I2C1_EV_IRQHandler                       0x08000bab   Thumb Code     0  startup_stm32f407xx.o(.text)
    I2C2_ER_IRQHandler                       0x08000bab   Thumb Code     0  startup_stm32f407xx.o(.text)
    I2C2_EV_IRQHandler                       0x08000bab   Thumb Code     0  startup_stm32f407xx.o(.text)
    I2C3_ER_IRQHandler                       0x08000bab   Thumb Code     0  startup_stm32f407xx.o(.text)
    I2C3_EV_IRQHandler                       0x08000bab   Thumb Code     0  startup_stm32f407xx.o(.text)
    OTG_FS_IRQHandler                        0x08000bab   Thumb Code     0  startup_stm32f407xx.o(.text)
    OTG_FS_WKUP_IRQHandler                   0x08000bab   Thumb Code     0  startup_stm32f407xx.o(.text)
    OTG_HS_EP1_IN_IRQHandler                 0x08000bab   Thumb Code     0  startup_stm32f407xx.o(.text)
    OTG_HS_EP1_OUT_IRQHandler                0x08000bab   Thumb Code     0  startup_stm32f407xx.o(.text)
    OTG_HS_IRQHandler                        0x08000bab   Thumb Code     0  startup_stm32f407xx.o(.text)
    OTG_HS_WKUP_IRQHandler                   0x08000bab   Thumb Code     0  startup_stm32f407xx.o(.text)
    PVD_IRQHandler                           0x08000bab   Thumb Code     0  startup_stm32f407xx.o(.text)
    RCC_IRQHandler                           0x08000bab   Thumb Code     0  startup_stm32f407xx.o(.text)
    RTC_Alarm_IRQHandler                     0x08000bab   Thumb Code     0  startup_stm32f407xx.o(.text)
    RTC_WKUP_IRQHandler                      0x08000bab   Thumb Code     0  startup_stm32f407xx.o(.text)
    SDIO_IRQHandler                          0x08000bab   Thumb Code     0  startup_stm32f407xx.o(.text)
    SPI1_IRQHandler                          0x08000bab   Thumb Code     0  startup_stm32f407xx.o(.text)
    SPI2_IRQHandler                          0x08000bab   Thumb Code     0  startup_stm32f407xx.o(.text)
    SPI3_IRQHandler                          0x08000bab   Thumb Code     0  startup_stm32f407xx.o(.text)
    TAMP_STAMP_IRQHandler                    0x08000bab   Thumb Code     0  startup_stm32f407xx.o(.text)
    TIM1_BRK_TIM9_IRQHandler                 0x08000bab   Thumb Code     0  startup_stm32f407xx.o(.text)
    TIM1_TRG_COM_TIM11_IRQHandler            0x08000bab   Thumb Code     0  startup_stm32f407xx.o(.text)
    TIM3_IRQHandler                          0x08000bab   Thumb Code     0  startup_stm32f407xx.o(.text)
    TIM4_IRQHandler                          0x08000bab   Thumb Code     0  startup_stm32f407xx.o(.text)
    TIM5_IRQHandler                          0x08000bab   Thumb Code     0  startup_stm32f407xx.o(.text)
    TIM6_DAC_IRQHandler                      0x08000bab   Thumb Code     0  startup_stm32f407xx.o(.text)
    TIM7_IRQHandler                          0x08000bab   Thumb Code     0  startup_stm32f407xx.o(.text)
    TIM8_BRK_TIM12_IRQHandler                0x08000bab   Thumb Code     0  startup_stm32f407xx.o(.text)
    TIM8_CC_IRQHandler                       0x08000bab   Thumb Code     0  startup_stm32f407xx.o(.text)
    TIM8_TRG_COM_TIM14_IRQHandler            0x08000bab   Thumb Code     0  startup_stm32f407xx.o(.text)
    TIM8_UP_TIM13_IRQHandler                 0x08000bab   Thumb Code     0  startup_stm32f407xx.o(.text)
    UART4_IRQHandler                         0x08000bab   Thumb Code     0  startup_stm32f407xx.o(.text)
    UART5_IRQHandler                         0x08000bab   Thumb Code     0  startup_stm32f407xx.o(.text)
    USART1_IRQHandler                        0x08000bab   Thumb Code     0  startup_stm32f407xx.o(.text)
    USART3_IRQHandler                        0x08000bab   Thumb Code     0  startup_stm32f407xx.o(.text)
    USART6_IRQHandler                        0x08000bab   Thumb Code     0  startup_stm32f407xx.o(.text)
    WWDG_IRQHandler                          0x08000bab   Thumb Code     0  startup_stm32f407xx.o(.text)
    HAL_GPIO_Init                            0x08000bb5   Thumb Code   388  stm32f4xx_hal_gpio.o(.text)
    HAL_GPIO_DeInit                          0x08000d39   Thumb Code   288  stm32f4xx_hal_gpio.o(.text)
    HAL_GPIO_ReadPin                         0x08000e59   Thumb Code    10  stm32f4xx_hal_gpio.o(.text)
    HAL_GPIO_WritePin                        0x08000e63   Thumb Code    10  stm32f4xx_hal_gpio.o(.text)
    HAL_GPIO_TogglePin                       0x08000e6d   Thumb Code     8  stm32f4xx_hal_gpio.o(.text)
    HAL_GPIO_LockPin                         0x08000e75   Thumb Code    34  stm32f4xx_hal_gpio.o(.text)
    HAL_GPIO_EXTI_IRQHandler                 0x08000e99   Thumb Code    20  stm32f4xx_hal_gpio.o(.text)
    HAL_DMA_Init                             0x08000efb   Thumb Code   208  stm32f4xx_hal_dma.o(.text)
    HAL_DMA_DeInit                           0x08000fcb   Thumb Code    86  stm32f4xx_hal_dma.o(.text)
    HAL_DMA_Start                            0x08001049   Thumb Code    70  stm32f4xx_hal_dma.o(.text)
    HAL_DMA_Start_IT                         0x0800108f   Thumb Code   118  stm32f4xx_hal_dma.o(.text)
    HAL_DMA_Abort                            0x08001105   Thumb Code   142  stm32f4xx_hal_dma.o(.text)
    HAL_DMA_Abort_IT                         0x08001193   Thumb Code    36  stm32f4xx_hal_dma.o(.text)
    HAL_DMA_PollForTransfer                  0x080011b7   Thumb Code   308  stm32f4xx_hal_dma.o(.text)
    HAL_DMA_IRQHandler                       0x080012eb   Thumb Code   414  stm32f4xx_hal_dma.o(.text)
    HAL_DMA_RegisterCallback                 0x08001489   Thumb Code    80  stm32f4xx_hal_dma.o(.text)
    HAL_DMA_UnRegisterCallback               0x080014d9   Thumb Code    96  stm32f4xx_hal_dma.o(.text)
    HAL_DMA_GetState                         0x08001539   Thumb Code     6  stm32f4xx_hal_dma.o(.text)
    HAL_DMA_GetError                         0x0800153f   Thumb Code     4  stm32f4xx_hal_dma.o(.text)
    HAL_NVIC_SetPriorityGrouping             0x080015a1   Thumb Code    26  stm32f4xx_hal_cortex.o(.text)
    HAL_NVIC_SetPriority                     0x080015bb   Thumb Code    60  stm32f4xx_hal_cortex.o(.text)
    HAL_NVIC_EnableIRQ                       0x080015f7   Thumb Code    22  stm32f4xx_hal_cortex.o(.text)
    HAL_NVIC_DisableIRQ                      0x0800160d   Thumb Code    22  stm32f4xx_hal_cortex.o(.text)
    HAL_NVIC_SystemReset                     0x08001623   Thumb Code    28  stm32f4xx_hal_cortex.o(.text)
    HAL_SYSTICK_Config                       0x0800163f   Thumb Code    40  stm32f4xx_hal_cortex.o(.text)
    HAL_MPU_Disable                          0x08001667   Thumb Code    26  stm32f4xx_hal_cortex.o(.text)
    HAL_MPU_Enable                           0x08001681   Thumb Code    32  stm32f4xx_hal_cortex.o(.text)
    HAL_MPU_ConfigRegion                     0x080016a1   Thumb Code    82  stm32f4xx_hal_cortex.o(.text)
    HAL_NVIC_GetPriorityGrouping             0x080016f3   Thumb Code    10  stm32f4xx_hal_cortex.o(.text)
    HAL_NVIC_GetPriority                     0x080016fd   Thumb Code    82  stm32f4xx_hal_cortex.o(.text)
    HAL_NVIC_SetPendingIRQ                   0x0800174f   Thumb Code    22  stm32f4xx_hal_cortex.o(.text)
    HAL_NVIC_GetPendingIRQ                   0x08001765   Thumb Code    32  stm32f4xx_hal_cortex.o(.text)
    HAL_NVIC_ClearPendingIRQ                 0x08001785   Thumb Code    22  stm32f4xx_hal_cortex.o(.text)
    HAL_NVIC_GetActive                       0x0800179b   Thumb Code    32  stm32f4xx_hal_cortex.o(.text)
    HAL_SYSTICK_CLKSourceConfig              0x080017bb   Thumb Code    24  stm32f4xx_hal_cortex.o(.text)
    HAL_SYSTICK_Callback                     0x080017d3   Thumb Code     2  stm32f4xx_hal_cortex.o(.text)
    HAL_SYSTICK_IRQHandler                   0x080017d5   Thumb Code     8  stm32f4xx_hal_cortex.o(.text)
    HAL_UART_Init                            0x08001aab   Thumb Code    98  stm32f4xx_hal_uart.o(.text)
    HAL_HalfDuplex_Init                      0x08001b0d   Thumb Code   108  stm32f4xx_hal_uart.o(.text)
    HAL_LIN_Init                             0x08001b79   Thumb Code   128  stm32f4xx_hal_uart.o(.text)
    HAL_MultiProcessor_Init                  0x08001bf9   Thumb Code   150  stm32f4xx_hal_uart.o(.text)
    HAL_UART_DeInit                          0x08001c91   Thumb Code    40  stm32f4xx_hal_uart.o(.text)
    HAL_UART_Transmit                        0x08001d1b   Thumb Code   186  stm32f4xx_hal_uart.o(.text)
    HAL_UART_Receive                         0x08001dd5   Thumb Code   182  stm32f4xx_hal_uart.o(.text)
    HAL_UART_Transmit_IT                     0x08001e8b   Thumb Code    62  stm32f4xx_hal_uart.o(.text)
    HAL_UART_Receive_IT                      0x08001ec9   Thumb Code    72  stm32f4xx_hal_uart.o(.text)
    HAL_UART_ErrorCallback                   0x08001f11   Thumb Code     2  stm32f4xx_hal_uart.o(.text)
    HAL_UART_TxHalfCpltCallback              0x08001f5d   Thumb Code     2  stm32f4xx_hal_uart.o(.text)
    HAL_UART_TxCpltCallback                  0x08001f69   Thumb Code     2  stm32f4xx_hal_uart.o(.text)
    HAL_UART_Transmit_DMA                    0x08001f99   Thumb Code   114  stm32f4xx_hal_uart.o(.text)
    HAL_UART_RxHalfCpltCallback              0x0800200b   Thumb Code     2  stm32f4xx_hal_uart.o(.text)
    HAL_UART_RxCpltCallback                  0x08002017   Thumb Code     2  stm32f4xx_hal_uart.o(.text)
    HAL_UART_Receive_DMA                     0x08002055   Thumb Code   138  stm32f4xx_hal_uart.o(.text)
    HAL_UART_DMAPause                        0x080020df   Thumb Code   102  stm32f4xx_hal_uart.o(.text)
    HAL_UART_DMAResume                       0x08002145   Thumb Code    94  stm32f4xx_hal_uart.o(.text)
    HAL_UART_DMAStop                         0x080021a3   Thumb Code    88  stm32f4xx_hal_uart.o(.text)
    HAL_UART_Abort                           0x080021fb   Thumb Code   104  stm32f4xx_hal_uart.o(.text)
    HAL_UART_AbortTransmit                   0x08002263   Thumb Code    58  stm32f4xx_hal_uart.o(.text)
    HAL_UART_AbortReceive                    0x0800229d   Thumb Code    68  stm32f4xx_hal_uart.o(.text)
    HAL_UART_AbortCpltCallback               0x080022e1   Thumb Code     2  stm32f4xx_hal_uart.o(.text)
    HAL_UART_Abort_IT                        0x08002337   Thumb Code   190  stm32f4xx_hal_uart.o(.text)
    HAL_UART_AbortTransmitCpltCallback       0x080023f5   Thumb Code     2  stm32f4xx_hal_uart.o(.text)
    HAL_UART_AbortTransmit_IT                0x0800240b   Thumb Code    78  stm32f4xx_hal_uart.o(.text)
    HAL_UART_AbortReceiveCpltCallback        0x08002459   Thumb Code     2  stm32f4xx_hal_uart.o(.text)
    HAL_UART_AbortReceive_IT                 0x0800246f   Thumb Code    88  stm32f4xx_hal_uart.o(.text)
    HAL_UART_IRQHandler                      0x08002563   Thumb Code   264  stm32f4xx_hal_uart.o(.text)
    HAL_LIN_SendBreak                        0x0800266b   Thumb Code    46  stm32f4xx_hal_uart.o(.text)
    HAL_MultiProcessor_EnterMuteMode         0x08002699   Thumb Code    46  stm32f4xx_hal_uart.o(.text)
    HAL_MultiProcessor_ExitMuteMode          0x080026c7   Thumb Code    46  stm32f4xx_hal_uart.o(.text)
    HAL_HalfDuplex_EnableTransmitter         0x080026f5   Thumb Code    50  stm32f4xx_hal_uart.o(.text)
    HAL_HalfDuplex_EnableReceiver            0x08002727   Thumb Code    50  stm32f4xx_hal_uart.o(.text)
    HAL_UART_GetState                        0x08002759   Thumb Code    10  stm32f4xx_hal_uart.o(.text)
    HAL_UART_GetError                        0x08002763   Thumb Code     4  stm32f4xx_hal_uart.o(.text)
    HAL_SD_GetCardCSD                        0x08002805   Thumb Code   474  stm32f4xx_hal_sd.o(.text)
    HAL_SD_InitCard                          0x08002b67   Thumb Code    80  stm32f4xx_hal_sd.o(.text)
    HAL_SD_Init                              0x08002bb9   Thumb Code    54  stm32f4xx_hal_sd.o(.text)
    HAL_SD_DeInit                            0x08002bf1   Thumb Code    38  stm32f4xx_hal_sd.o(.text)
    HAL_SD_ReadBlocks                        0x08002c17   Thumb Code   432  stm32f4xx_hal_sd.o(.text)
    HAL_SD_WriteBlocks                       0x08002dc7   Thumb Code   404  stm32f4xx_hal_sd.o(.text)
    HAL_SD_ReadBlocks_IT                     0x08002f5b   Thumb Code   198  stm32f4xx_hal_sd.o(.text)
    HAL_SD_WriteBlocks_IT                    0x08003021   Thumb Code   200  stm32f4xx_hal_sd.o(.text)
    HAL_SD_ErrorCallback                     0x080030e9   Thumb Code     2  stm32f4xx_hal_sd.o(.text)
    HAL_SD_GetCardState                      0x080030eb   Thumb Code    44  stm32f4xx_hal_sd.o(.text)
    HAL_SD_RxCpltCallback                    0x0800316d   Thumb Code     2  stm32f4xx_hal_sd.o(.text)
    HAL_SD_ReadBlocks_DMA                    0x080031ad   Thumb Code   230  stm32f4xx_hal_sd.o(.text)
    HAL_SD_WriteBlocks_DMA                   0x080032a1   Thumb Code   228  stm32f4xx_hal_sd.o(.text)
    HAL_SD_Erase                             0x08003385   Thumb Code   182  stm32f4xx_hal_sd.o(.text)
    HAL_SD_AbortCallback                     0x0800343b   Thumb Code     2  stm32f4xx_hal_sd.o(.text)
    HAL_SD_TxCpltCallback                    0x080034cd   Thumb Code     2  stm32f4xx_hal_sd.o(.text)
    HAL_SD_IRQHandler                        0x080034cf   Thumb Code   454  stm32f4xx_hal_sd.o(.text)
    HAL_SD_GetState                          0x08003695   Thumb Code     6  stm32f4xx_hal_sd.o(.text)
    HAL_SD_GetError                          0x0800369b   Thumb Code     4  stm32f4xx_hal_sd.o(.text)
    HAL_SD_GetCardCID                        0x0800369f   Thumb Code   178  stm32f4xx_hal_sd.o(.text)
    HAL_SD_GetCardStatus                     0x08003839   Thumb Code   182  stm32f4xx_hal_sd.o(.text)
    HAL_SD_GetCardInfo                       0x080038ef   Thumb Code    36  stm32f4xx_hal_sd.o(.text)
    HAL_SD_ConfigWideBusOperation            0x080039e7   Thumb Code   130  stm32f4xx_hal_sd.o(.text)
    HAL_SD_Abort                             0x08003a69   Thumb Code    94  stm32f4xx_hal_sd.o(.text)
    HAL_SD_Abort_IT                          0x08003ac7   Thumb Code   132  stm32f4xx_hal_sd.o(.text)
    HAL_InitTick                             0x08003bf3   Thumb Code    34  stm32f4xx_hal.o(.text)
    HAL_Init                                 0x08003c15   Thumb Code    48  stm32f4xx_hal.o(.text)
    HAL_MspDeInit                            0x08003c45   Thumb Code     2  stm32f4xx_hal.o(.text)
    HAL_DeInit                               0x08003c47   Thumb Code    48  stm32f4xx_hal.o(.text)
    HAL_GetTick                              0x08003c81   Thumb Code     6  stm32f4xx_hal.o(.text)
    HAL_Delay                                0x08003c87   Thumb Code    28  stm32f4xx_hal.o(.text)
    HAL_SuspendTick                          0x08003ca3   Thumb Code    14  stm32f4xx_hal.o(.text)
    HAL_ResumeTick                           0x08003cb1   Thumb Code    14  stm32f4xx_hal.o(.text)
    HAL_GetHalVersion                        0x08003cbf   Thumb Code     4  stm32f4xx_hal.o(.text)
    HAL_GetREVID                             0x08003cc3   Thumb Code     8  stm32f4xx_hal.o(.text)
    HAL_GetDEVID                             0x08003ccb   Thumb Code    10  stm32f4xx_hal.o(.text)
    HAL_DBGMCU_EnableDBGSleepMode            0x08003cd5   Thumb Code    12  stm32f4xx_hal.o(.text)
    HAL_DBGMCU_DisableDBGSleepMode           0x08003ce1   Thumb Code    12  stm32f4xx_hal.o(.text)
    HAL_DBGMCU_EnableDBGStopMode             0x08003ced   Thumb Code    12  stm32f4xx_hal.o(.text)
    HAL_DBGMCU_DisableDBGStopMode            0x08003cf9   Thumb Code    12  stm32f4xx_hal.o(.text)
    HAL_DBGMCU_EnableDBGStandbyMode          0x08003d05   Thumb Code    12  stm32f4xx_hal.o(.text)
    HAL_DBGMCU_DisableDBGStandbyMode         0x08003d11   Thumb Code    12  stm32f4xx_hal.o(.text)
    HAL_EnableCompensationCell               0x08003d1d   Thumb Code    22  stm32f4xx_hal.o(.text)
    HAL_DisableCompensationCell              0x08003d33   Thumb Code    24  stm32f4xx_hal.o(.text)
    HAL_GetUID                               0x08003d4b   Thumb Code    24  stm32f4xx_hal.o(.text)
    TIM_Base_SetConfig                       0x08003d85   Thumb Code   148  stm32f4xx_hal_tim.o(.text)
    HAL_TIM_Base_Init                        0x08003e1b   Thumb Code    54  stm32f4xx_hal_tim.o(.text)
    HAL_TIM_Base_DeInit                      0x08003e53   Thumb Code    56  stm32f4xx_hal_tim.o(.text)
    HAL_TIM_Base_Start                       0x08003e8b   Thumb Code    26  stm32f4xx_hal_tim.o(.text)
    HAL_TIM_Base_Stop                        0x08003ea5   Thumb Code    44  stm32f4xx_hal_tim.o(.text)
    HAL_TIM_Base_Start_IT                    0x08003ed1   Thumb Code    24  stm32f4xx_hal_tim.o(.text)
    HAL_TIM_Base_Stop_IT                     0x08003ee9   Thumb Code    42  stm32f4xx_hal_tim.o(.text)
    HAL_TIM_ErrorCallback                    0x08003f13   Thumb Code     2  stm32f4xx_hal_tim.o(.text)
    TIM_DMAError                             0x08003f15   Thumb Code    16  stm32f4xx_hal_tim.o(.text)
    HAL_TIM_Base_Start_DMA                   0x08003f37   Thumb Code    84  stm32f4xx_hal_tim.o(.text)
    HAL_TIM_Base_Stop_DMA                    0x08003f8b   Thumb Code    48  stm32f4xx_hal_tim.o(.text)
    HAL_TIM_OC_MspInit                       0x08003fbb   Thumb Code     2  stm32f4xx_hal_tim.o(.text)
    HAL_TIM_OC_Init                          0x08003fbd   Thumb Code    54  stm32f4xx_hal_tim.o(.text)
    HAL_TIM_OC_MspDeInit                     0x08003ff3   Thumb Code     2  stm32f4xx_hal_tim.o(.text)
    HAL_TIM_OC_DeInit                        0x08003ff5   Thumb Code    56  stm32f4xx_hal_tim.o(.text)
    TIM_CCxChannelCmd                        0x0800402d   Thumb Code    22  stm32f4xx_hal_tim.o(.text)
    HAL_TIM_OC_Start                         0x08004043   Thumb Code    48  stm32f4xx_hal_tim.o(.text)
    HAL_TIM_OC_Stop                          0x08004073   Thumb Code    78  stm32f4xx_hal_tim.o(.text)
    HAL_TIM_OC_Start_IT                      0x080040c1   Thumb Code    98  stm32f4xx_hal_tim.o(.text)
    HAL_TIM_OC_Stop_IT                       0x08004123   Thumb Code   178  stm32f4xx_hal_tim.o(.text)
    HAL_TIM_PWM_PulseFinishedCallback        0x080041d5   Thumb Code     2  stm32f4xx_hal_tim.o(.text)
    TIM_DMADelayPulseCplt                    0x080041d7   Thumb Code    62  stm32f4xx_hal_tim.o(.text)
    HAL_TIM_OC_Start_DMA                     0x08004215   Thumb Code   226  stm32f4xx_hal_tim.o(.text)
    HAL_TIM_OC_Stop_DMA                      0x080042f7   Thumb Code   134  stm32f4xx_hal_tim.o(.text)
    HAL_TIM_PWM_MspInit                      0x0800437d   Thumb Code     2  stm32f4xx_hal_tim.o(.text)
    HAL_TIM_PWM_Init                         0x0800437f   Thumb Code    54  stm32f4xx_hal_tim.o(.text)
    HAL_TIM_PWM_MspDeInit                    0x080043b5   Thumb Code     2  stm32f4xx_hal_tim.o(.text)
    HAL_TIM_PWM_DeInit                       0x080043b7   Thumb Code    56  stm32f4xx_hal_tim.o(.text)
    HAL_TIM_PWM_Start                        0x080043ef   Thumb Code    48  stm32f4xx_hal_tim.o(.text)
    HAL_TIM_PWM_Stop                         0x0800441f   Thumb Code    84  stm32f4xx_hal_tim.o(.text)
    HAL_TIM_PWM_Start_IT                     0x08004473   Thumb Code    98  stm32f4xx_hal_tim.o(.text)
    HAL_TIM_PWM_Stop_IT                      0x080044d5   Thumb Code   128  stm32f4xx_hal_tim.o(.text)
    HAL_TIM_PWM_Start_DMA                    0x08004555   Thumb Code   226  stm32f4xx_hal_tim.o(.text)
    HAL_TIM_PWM_Stop_DMA                     0x08004637   Thumb Code   144  stm32f4xx_hal_tim.o(.text)
    HAL_TIM_IC_MspInit                       0x080046c7   Thumb Code     2  stm32f4xx_hal_tim.o(.text)
    HAL_TIM_IC_Init                          0x080046c9   Thumb Code    54  stm32f4xx_hal_tim.o(.text)
    HAL_TIM_IC_MspDeInit                     0x080046ff   Thumb Code     2  stm32f4xx_hal_tim.o(.text)
    HAL_TIM_IC_DeInit                        0x08004701   Thumb Code    56  stm32f4xx_hal_tim.o(.text)
    HAL_TIM_IC_Start                         0x08004739   Thumb Code    26  stm32f4xx_hal_tim.o(.text)
    HAL_TIM_IC_Stop                          0x08004753   Thumb Code    44  stm32f4xx_hal_tim.o(.text)
    HAL_TIM_IC_Start_IT                      0x0800477f   Thumb Code    76  stm32f4xx_hal_tim.o(.text)
    HAL_TIM_IC_Stop_IT                       0x080047cb   Thumb Code    94  stm32f4xx_hal_tim.o(.text)
    TIM_DMACaptureCplt                       0x0800482b   Thumb Code    62  stm32f4xx_hal_tim.o(.text)
    HAL_TIM_IC_Start_DMA                     0x08004869   Thumb Code   194  stm32f4xx_hal_tim.o(.text)
    HAL_TIM_IC_Stop_DMA                      0x0800492b   Thumb Code   100  stm32f4xx_hal_tim.o(.text)
    HAL_TIM_OnePulse_MspInit                 0x0800498f   Thumb Code     2  stm32f4xx_hal_tim.o(.text)
    HAL_TIM_OnePulse_Init                    0x08004991   Thumb Code    74  stm32f4xx_hal_tim.o(.text)
    HAL_TIM_OnePulse_MspDeInit               0x080049db   Thumb Code     2  stm32f4xx_hal_tim.o(.text)
    HAL_TIM_OnePulse_DeInit                  0x080049dd   Thumb Code    56  stm32f4xx_hal_tim.o(.text)
    HAL_TIM_OnePulse_Start                   0x08004a15   Thumb Code    50  stm32f4xx_hal_tim.o(.text)
    HAL_TIM_OnePulse_Stop                    0x08004a47   Thumb Code    90  stm32f4xx_hal_tim.o(.text)
    HAL_TIM_OnePulse_Start_IT                0x08004aa1   Thumb Code    70  stm32f4xx_hal_tim.o(.text)
    HAL_TIM_OnePulse_Stop_IT                 0x08004ae7   Thumb Code   110  stm32f4xx_hal_tim.o(.text)
    HAL_TIM_Encoder_Init                     0x08004b57   Thumb Code   150  stm32f4xx_hal_tim.o(.text)
    HAL_TIM_Encoder_DeInit                   0x08004bef   Thumb Code    56  stm32f4xx_hal_tim.o(.text)
    HAL_TIM_Encoder_Start                    0x08004c27   Thumb Code    50  stm32f4xx_hal_tim.o(.text)
    HAL_TIM_Encoder_Stop                     0x08004c59   Thumb Code    70  stm32f4xx_hal_tim.o(.text)
    HAL_TIM_Encoder_Start_IT                 0x08004c9f   Thumb Code    92  stm32f4xx_hal_tim.o(.text)
    HAL_TIM_Encoder_Stop_IT                  0x08004cfb   Thumb Code   116  stm32f4xx_hal_tim.o(.text)
    HAL_TIM_Encoder_Start_DMA                0x08004d6f   Thumb Code   274  stm32f4xx_hal_tim.o(.text)
    HAL_TIM_Encoder_Stop_DMA                 0x08004e81   Thumb Code   116  stm32f4xx_hal_tim.o(.text)
    HAL_TIM_TriggerCallback                  0x08004ef5   Thumb Code     2  stm32f4xx_hal_tim.o(.text)
    HAL_TIM_OC_DelayElapsedCallback          0x08004ef7   Thumb Code     2  stm32f4xx_hal_tim.o(.text)
    HAL_TIM_IRQHandler                       0x08004ef9   Thumb Code   358  stm32f4xx_hal_tim.o(.text)
    TIM_OC2_SetConfig                        0x080050fd   Thumb Code    90  stm32f4xx_hal_tim.o(.text)
    HAL_TIM_OC_ConfigChannel                 0x080051a7   Thumb Code    86  stm32f4xx_hal_tim.o(.text)
    TIM_TI1_SetConfig                        0x08005233   Thumb Code   104  stm32f4xx_hal_tim.o(.text)
    HAL_TIM_IC_ConfigChannel                 0x0800529b   Thumb Code   282  stm32f4xx_hal_tim.o(.text)
    HAL_TIM_PWM_ConfigChannel                0x080053b5   Thumb Code   240  stm32f4xx_hal_tim.o(.text)
    HAL_TIM_OnePulse_ConfigChannel           0x080054a5   Thumb Code   218  stm32f4xx_hal_tim.o(.text)
    HAL_TIM_DMABurst_WriteStart              0x0800558f   Thumb Code   238  stm32f4xx_hal_tim.o(.text)
    HAL_TIM_DMABurst_WriteStop               0x0800567d   Thumb Code    96  stm32f4xx_hal_tim.o(.text)
    HAL_TIM_DMABurst_ReadStart               0x080056dd   Thumb Code   240  stm32f4xx_hal_tim.o(.text)
    HAL_TIM_DMABurst_ReadStop                0x080057cd   Thumb Code    96  stm32f4xx_hal_tim.o(.text)
    HAL_TIM_GenerateEvent                    0x0800582d   Thumb Code    38  stm32f4xx_hal_tim.o(.text)
    HAL_TIM_ConfigOCrefClear                 0x08005853   Thumb Code   172  stm32f4xx_hal_tim.o(.text)
    HAL_TIM_ConfigClockSource                0x080058ff   Thumb Code   262  stm32f4xx_hal_tim.o(.text)
    HAL_TIM_ConfigTI1Input                   0x08005a05   Thumb Code    16  stm32f4xx_hal_tim.o(.text)
    HAL_TIM_SlaveConfigSynchronization       0x08005a91   Thumb Code    66  stm32f4xx_hal_tim.o(.text)
    HAL_TIM_SlaveConfigSynchronization_IT    0x08005ad3   Thumb Code    66  stm32f4xx_hal_tim.o(.text)
    HAL_TIM_ReadCapturedValue                0x08005b15   Thumb Code    68  stm32f4xx_hal_tim.o(.text)
    HAL_TIM_Base_GetState                    0x08005b59   Thumb Code     6  stm32f4xx_hal_tim.o(.text)
    HAL_TIM_OC_GetState                      0x08005b5f   Thumb Code     6  stm32f4xx_hal_tim.o(.text)
    HAL_TIM_PWM_GetState                     0x08005b65   Thumb Code     6  stm32f4xx_hal_tim.o(.text)
    HAL_TIM_IC_GetState                      0x08005b6b   Thumb Code     6  stm32f4xx_hal_tim.o(.text)
    HAL_TIM_OnePulse_GetState                0x08005b71   Thumb Code     6  stm32f4xx_hal_tim.o(.text)
    HAL_TIM_Encoder_GetState                 0x08005b77   Thumb Code     6  stm32f4xx_hal_tim.o(.text)
    HAL_RCC_OscConfig                        0x08005beb   Thumb Code   772  stm32f4xx_hal_rcc.o(.text)
    HAL_RCC_GetSysClockFreq                  0x08005eef   Thumb Code   104  stm32f4xx_hal_rcc.o(.text)
    HAL_RCC_ClockConfig                      0x08005f57   Thumb Code   392  stm32f4xx_hal_rcc.o(.text)
    HAL_RCC_MCOConfig                        0x080060df   Thumb Code   126  stm32f4xx_hal_rcc.o(.text)
    HAL_RCC_EnableCSS                        0x0800615d   Thumb Code     8  stm32f4xx_hal_rcc.o(.text)
    HAL_RCC_DisableCSS                       0x08006165   Thumb Code     8  stm32f4xx_hal_rcc.o(.text)
    HAL_RCC_GetHCLKFreq                      0x0800616d   Thumb Code     6  stm32f4xx_hal_rcc.o(.text)
    HAL_RCC_GetPCLK1Freq                     0x08006173   Thumb Code    36  stm32f4xx_hal_rcc.o(.text)
    HAL_RCC_GetPCLK2Freq                     0x08006197   Thumb Code    36  stm32f4xx_hal_rcc.o(.text)
    HAL_RCC_GetOscConfig                     0x080061bb   Thumb Code   228  stm32f4xx_hal_rcc.o(.text)
    HAL_RCC_GetClockConfig                   0x0800629f   Thumb Code    56  stm32f4xx_hal_rcc.o(.text)
    HAL_RCC_CSSCallback                      0x080062d7   Thumb Code     2  stm32f4xx_hal_rcc.o(.text)
    HAL_RCC_NMI_IRQHandler                   0x080062d9   Thumb Code    26  stm32f4xx_hal_rcc.o(.text)
    HAL_I2C_Init                             0x08006317   Thumb Code   256  stm32f4xx_hal_i2c.o(.text)
    HAL_I2C_DeInit                           0x08006419   Thumb Code    50  stm32f4xx_hal_i2c.o(.text)
    HAL_I2C_Master_Transmit                  0x080065f5   Thumb Code   320  stm32f4xx_hal_i2c.o(.text)
    HAL_I2C_Master_Receive                   0x08006873   Thumb Code   472  stm32f4xx_hal_i2c.o(.text)
    HAL_I2C_Slave_Transmit                   0x08006a4b   Thumb Code   348  stm32f4xx_hal_i2c.o(.text)
    HAL_I2C_Slave_Receive                    0x08006ba7   Thumb Code   384  stm32f4xx_hal_i2c.o(.text)
    HAL_I2C_Master_Transmit_IT               0x08006d27   Thumb Code   170  stm32f4xx_hal_i2c.o(.text)
    HAL_I2C_Master_Receive_IT                0x08006dd1   Thumb Code   180  stm32f4xx_hal_i2c.o(.text)
    HAL_I2C_Master_Sequential_Transmit_IT    0x08006e85   Thumb Code   188  stm32f4xx_hal_i2c.o(.text)
    HAL_I2C_Master_Sequential_Receive_IT     0x08006f41   Thumb Code   218  stm32f4xx_hal_i2c.o(.text)
    HAL_I2C_Slave_Transmit_IT                0x0800701b   Thumb Code   174  stm32f4xx_hal_i2c.o(.text)
    HAL_I2C_Slave_Receive_IT                 0x080070c9   Thumb Code   182  stm32f4xx_hal_i2c.o(.text)
    HAL_I2C_Slave_Sequential_Transmit_IT     0x0800717f   Thumb Code   114  stm32f4xx_hal_i2c.o(.text)
    HAL_I2C_Slave_Sequential_Receive_IT      0x080071f1   Thumb Code   114  stm32f4xx_hal_i2c.o(.text)
    HAL_I2C_EnableListen_IT                  0x08007263   Thumb Code    58  stm32f4xx_hal_i2c.o(.text)
    HAL_I2C_DisableListen_IT                 0x0800729d   Thumb Code    68  stm32f4xx_hal_i2c.o(.text)
    HAL_I2C_ErrorCallback                    0x080072e1   Thumb Code     2  stm32f4xx_hal_i2c.o(.text)
    HAL_I2C_MasterRxCpltCallback             0x08007317   Thumb Code     2  stm32f4xx_hal_i2c.o(.text)
    HAL_I2C_MemRxCpltCallback                0x08007319   Thumb Code     2  stm32f4xx_hal_i2c.o(.text)
    HAL_I2C_Master_Transmit_DMA              0x080073a1   Thumb Code   278  stm32f4xx_hal_i2c.o(.text)
    HAL_I2C_Master_Receive_DMA               0x080074b7   Thumb Code   294  stm32f4xx_hal_i2c.o(.text)
    HAL_I2C_ListenCpltCallback               0x080075dd   Thumb Code     2  stm32f4xx_hal_i2c.o(.text)
    HAL_I2C_AbortCpltCallback                0x080075df   Thumb Code     2  stm32f4xx_hal_i2c.o(.text)
    HAL_I2C_Master_Abort_IT                  0x0800774b   Thumb Code    86  stm32f4xx_hal_i2c.o(.text)
    HAL_I2C_Slave_Transmit_DMA               0x080077a1   Thumb Code   228  stm32f4xx_hal_i2c.o(.text)
    HAL_I2C_Slave_Receive_DMA                0x08007885   Thumb Code   228  stm32f4xx_hal_i2c.o(.text)
    HAL_I2C_Mem_Write                        0x08007a05   Thumb Code   340  stm32f4xx_hal_i2c.o(.text)
    HAL_I2C_Mem_Read                         0x08007c49   Thumb Code   490  stm32f4xx_hal_i2c.o(.text)
    HAL_I2C_Mem_Write_IT                     0x08007e33   Thumb Code   214  stm32f4xx_hal_i2c.o(.text)
    HAL_I2C_Mem_Read_IT                      0x08007f09   Thumb Code   208  stm32f4xx_hal_i2c.o(.text)
    HAL_I2C_Mem_Write_DMA                    0x08007fd9   Thumb Code   276  stm32f4xx_hal_i2c.o(.text)
    HAL_I2C_Mem_Read_DMA                     0x080080ed   Thumb Code   356  stm32f4xx_hal_i2c.o(.text)
    HAL_I2C_IsDeviceReady                    0x08008251   Thumb Code   370  stm32f4xx_hal_i2c.o(.text)
    HAL_I2C_SlaveRxCpltCallback              0x080083c3   Thumb Code     2  stm32f4xx_hal_i2c.o(.text)
    HAL_I2C_SlaveTxCpltCallback              0x080083c5   Thumb Code     2  stm32f4xx_hal_i2c.o(.text)
    HAL_I2C_AddrCallback                     0x0800849d   Thumb Code     2  stm32f4xx_hal_i2c.o(.text)
    HAL_I2C_MasterTxCpltCallback             0x08008561   Thumb Code     2  stm32f4xx_hal_i2c.o(.text)
    HAL_I2C_MemTxCpltCallback                0x08008563   Thumb Code     2  stm32f4xx_hal_i2c.o(.text)
    HAL_I2C_EV_IRQHandler                    0x0800876b   Thumb Code   480  stm32f4xx_hal_i2c.o(.text)
    HAL_I2C_ER_IRQHandler                    0x0800894b   Thumb Code   194  stm32f4xx_hal_i2c.o(.text)
    HAL_I2C_GetState                         0x08008a0d   Thumb Code     6  stm32f4xx_hal_i2c.o(.text)
    HAL_I2C_GetMode                          0x08008a13   Thumb Code     6  stm32f4xx_hal_i2c.o(.text)
    HAL_I2C_GetError                         0x08008a19   Thumb Code     4  stm32f4xx_hal_i2c.o(.text)
    HAL_TIMEx_HallSensor_MspInit             0x08008cbd   Thumb Code     2  stm32f4xx_hal_tim_ex.o(.text)
    HAL_TIMEx_HallSensor_Init                0x08008cbf   Thumb Code   176  stm32f4xx_hal_tim_ex.o(.text)
    HAL_TIMEx_HallSensor_MspDeInit           0x08008d6f   Thumb Code     2  stm32f4xx_hal_tim_ex.o(.text)
    HAL_TIMEx_HallSensor_DeInit              0x08008d71   Thumb Code    56  stm32f4xx_hal_tim_ex.o(.text)
    HAL_TIMEx_HallSensor_Start               0x08008da9   Thumb Code    28  stm32f4xx_hal_tim_ex.o(.text)
    HAL_TIMEx_HallSensor_Stop                0x08008dc5   Thumb Code    46  stm32f4xx_hal_tim_ex.o(.text)
    HAL_TIMEx_HallSensor_Start_IT            0x08008df3   Thumb Code    38  stm32f4xx_hal_tim_ex.o(.text)
    HAL_TIMEx_HallSensor_Stop_IT             0x08008e19   Thumb Code    56  stm32f4xx_hal_tim_ex.o(.text)
    HAL_TIMEx_HallSensor_Start_DMA           0x08008e51   Thumb Code    96  stm32f4xx_hal_tim_ex.o(.text)
    HAL_TIMEx_HallSensor_Stop_DMA            0x08008eb1   Thumb Code    56  stm32f4xx_hal_tim_ex.o(.text)
    HAL_TIMEx_OCN_Start                      0x08008ee9   Thumb Code    36  stm32f4xx_hal_tim_ex.o(.text)
    HAL_TIMEx_OCN_Stop                       0x08008f0d   Thumb Code    68  stm32f4xx_hal_tim_ex.o(.text)
    HAL_TIMEx_OCN_Start_IT                   0x08008f51   Thumb Code    96  stm32f4xx_hal_tim_ex.o(.text)
    HAL_TIMEx_OCN_Stop_IT                    0x08008fb1   Thumb Code   134  stm32f4xx_hal_tim_ex.o(.text)
    HAL_TIMEx_OCN_Start_DMA                  0x08009037   Thumb Code   210  stm32f4xx_hal_tim_ex.o(.text)
    HAL_TIMEx_OCN_Stop_DMA                   0x08009109   Thumb Code   124  stm32f4xx_hal_tim_ex.o(.text)
    HAL_TIMEx_PWMN_Start                     0x08009185   Thumb Code    36  stm32f4xx_hal_tim_ex.o(.text)
    HAL_TIMEx_PWMN_Stop                      0x080091a9   Thumb Code    68  stm32f4xx_hal_tim_ex.o(.text)
    HAL_TIMEx_PWMN_Start_IT                  0x080091ed   Thumb Code    96  stm32f4xx_hal_tim_ex.o(.text)
    HAL_TIMEx_PWMN_Stop_IT                   0x0800924d   Thumb Code   148  stm32f4xx_hal_tim_ex.o(.text)
    HAL_TIMEx_PWMN_Start_DMA                 0x080092e1   Thumb Code   210  stm32f4xx_hal_tim_ex.o(.text)
    HAL_TIMEx_PWMN_Stop_DMA                  0x080093b3   Thumb Code   124  stm32f4xx_hal_tim_ex.o(.text)
    HAL_TIMEx_OnePulseN_Start                0x0800942f   Thumb Code    26  stm32f4xx_hal_tim_ex.o(.text)
    HAL_TIMEx_OnePulseN_Stop                 0x08009449   Thumb Code    68  stm32f4xx_hal_tim_ex.o(.text)
    HAL_TIMEx_OnePulseN_Start_IT             0x0800948d   Thumb Code    46  stm32f4xx_hal_tim_ex.o(.text)
    HAL_TIMEx_OnePulseN_Stop_IT              0x080094bb   Thumb Code    88  stm32f4xx_hal_tim_ex.o(.text)
    HAL_TIMEx_ConfigCommutationEvent         0x08009513   Thumb Code    92  stm32f4xx_hal_tim_ex.o(.text)
    HAL_TIMEx_ConfigCommutationEvent_IT      0x0800956f   Thumb Code   102  stm32f4xx_hal_tim_ex.o(.text)
    HAL_TIMEx_CommutationCallback            0x080095d5   Thumb Code     2  stm32f4xx_hal_tim_ex.o(.text)
    TIMEx_DMACommutationCplt                 0x080095d7   Thumb Code    16  stm32f4xx_hal_tim_ex.o(.text)
    HAL_TIMEx_ConfigCommutationEvent_DMA     0x080095e7   Thumb Code   116  stm32f4xx_hal_tim_ex.o(.text)
    HAL_TIMEx_MasterConfigSynchronization    0x0800965b   Thumb Code    80  stm32f4xx_hal_tim_ex.o(.text)
    HAL_TIMEx_ConfigBreakDeadTime            0x080096ab   Thumb Code   102  stm32f4xx_hal_tim_ex.o(.text)
    HAL_TIMEx_RemapConfig                    0x08009711   Thumb Code    34  stm32f4xx_hal_tim_ex.o(.text)
    HAL_TIMEx_BreakCallback                  0x08009733   Thumb Code     2  stm32f4xx_hal_tim_ex.o(.text)
    HAL_TIMEx_HallSensor_GetState            0x08009735   Thumb Code     6  stm32f4xx_hal_tim_ex.o(.text)
    SDIO_Init                                0x08009751   Thumb Code    36  stm32f4xx_ll_sdmmc.o(.text)
    SDIO_ReadFIFO                            0x08009775   Thumb Code     6  stm32f4xx_ll_sdmmc.o(.text)
    SDIO_WriteFIFO                           0x0800977b   Thumb Code    10  stm32f4xx_ll_sdmmc.o(.text)
    SDIO_PowerState_ON                       0x08009785   Thumb Code     8  stm32f4xx_ll_sdmmc.o(.text)
    SDIO_PowerState_OFF                      0x0800978d   Thumb Code     8  stm32f4xx_ll_sdmmc.o(.text)
    SDIO_GetPowerState                       0x08009795   Thumb Code     8  stm32f4xx_ll_sdmmc.o(.text)
    SDIO_SendCommand                         0x0800979d   Thumb Code    32  stm32f4xx_ll_sdmmc.o(.text)
    SDIO_GetCommandResponse                  0x080097bd   Thumb Code     6  stm32f4xx_ll_sdmmc.o(.text)
    SDIO_GetResponse                         0x080097c3   Thumb Code    12  stm32f4xx_ll_sdmmc.o(.text)
    SDIO_ConfigData                          0x080097cf   Thumb Code    36  stm32f4xx_ll_sdmmc.o(.text)
    SDIO_GetDataCounter                      0x080097f3   Thumb Code     4  stm32f4xx_ll_sdmmc.o(.text)
    SDIO_GetFIFOCount                        0x080097f7   Thumb Code     6  stm32f4xx_ll_sdmmc.o(.text)
    SDIO_SetSDMMCReadWaitMode                0x080097fd   Thumb Code    14  stm32f4xx_ll_sdmmc.o(.text)
    SDMMC_CmdBlockLength                     0x0800991f   Thumb Code    50  stm32f4xx_ll_sdmmc.o(.text)
    SDMMC_CmdReadSingleBlock                 0x08009951   Thumb Code    48  stm32f4xx_ll_sdmmc.o(.text)
    SDMMC_CmdReadMultiBlock                  0x08009981   Thumb Code    48  stm32f4xx_ll_sdmmc.o(.text)
    SDMMC_CmdWriteSingleBlock                0x080099b1   Thumb Code    48  stm32f4xx_ll_sdmmc.o(.text)
    SDMMC_CmdWriteMultiBlock                 0x080099e1   Thumb Code    48  stm32f4xx_ll_sdmmc.o(.text)
    SDMMC_CmdSDEraseStartAdd                 0x08009a11   Thumb Code    48  stm32f4xx_ll_sdmmc.o(.text)
    SDMMC_CmdSDEraseEndAdd                   0x08009a41   Thumb Code    48  stm32f4xx_ll_sdmmc.o(.text)
    SDMMC_CmdEraseStartAdd                   0x08009a71   Thumb Code    48  stm32f4xx_ll_sdmmc.o(.text)
    SDMMC_CmdEraseEndAdd                     0x08009aa1   Thumb Code    48  stm32f4xx_ll_sdmmc.o(.text)
    SDMMC_CmdErase                           0x08009ad1   Thumb Code    46  stm32f4xx_ll_sdmmc.o(.text)
    SDMMC_CmdStopTransfer                    0x08009aff   Thumb Code    44  stm32f4xx_ll_sdmmc.o(.text)
    SDMMC_CmdSelDesel                        0x08009b2b   Thumb Code    48  stm32f4xx_ll_sdmmc.o(.text)
    SDMMC_CmdGoIdleState                     0x08009b5b   Thumb Code    76  stm32f4xx_ll_sdmmc.o(.text)
    SDMMC_CmdOperCond                        0x08009ba7   Thumb Code   110  stm32f4xx_ll_sdmmc.o(.text)
    SDMMC_CmdAppCommand                      0x08009c15   Thumb Code    48  stm32f4xx_ll_sdmmc.o(.text)
    SDMMC_CmdAppOperCommand                  0x08009c81   Thumb Code    46  stm32f4xx_ll_sdmmc.o(.text)
    SDMMC_CmdBusWidth                        0x08009caf   Thumb Code    48  stm32f4xx_ll_sdmmc.o(.text)
    SDMMC_CmdSendSCR                         0x08009cdf   Thumb Code    46  stm32f4xx_ll_sdmmc.o(.text)
    SDMMC_CmdSendCID                         0x08009d57   Thumb Code    42  stm32f4xx_ll_sdmmc.o(.text)
    SDMMC_CmdSendCSD                         0x08009d81   Thumb Code    42  stm32f4xx_ll_sdmmc.o(.text)
    SDMMC_CmdSetRelAdd                       0x08009dab   Thumb Code    46  stm32f4xx_ll_sdmmc.o(.text)
    SDMMC_CmdSendStatus                      0x08009dd9   Thumb Code    48  stm32f4xx_ll_sdmmc.o(.text)
    SDMMC_CmdStatusRegister                  0x08009e09   Thumb Code    46  stm32f4xx_ll_sdmmc.o(.text)
    SDMMC_CmdOpCondition                     0x08009e37   Thumb Code    42  stm32f4xx_ll_sdmmc.o(.text)
    SDMMC_CmdSwitch                          0x08009e61   Thumb Code    48  stm32f4xx_ll_sdmmc.o(.text)
    MX_TIM4_PWM_Init                         0x08009f19   Thumb Code   154  pwm.o(.text)
    MX_TIM9_PWM_Init                         0x08009fb3   Thumb Code   142  pwm.o(.text)
    TIM_PWM_SetPulseWidth_SetDir             0x0800a041   Thumb Code    94  pwm.o(.text)
    PID_Calculate                            0x0800a0c9   Thumb Code   578  pid.o(.text)
    PID_Set_Param                            0x0800a30b   Thumb Code   200  pid.o(.text)
    PID_Calib_Stable_Angle                   0x0800a3d3   Thumb Code     6  pid.o(.text)
    IC_Motor_State_Init                      0x0800a419   Thumb Code    24  encoder_velocity.o(.text)
    Set_Para_IC_Motor_State                  0x0800a431   Thumb Code     6  encoder_velocity.o(.text)
    Get_Motor_Veclocity_BasedOn_IC           0x0800a437   Thumb Code   288  encoder_velocity.o(.text)
    MX_MOTORRIGHT_IC_Init                    0x0800a557   Thumb Code   186  encoder_velocity.o(.text)
    MX_MOTORLEFT_IC_Init                     0x0800a611   Thumb Code   184  encoder_velocity.o(.text)
    HAL_TIM_IC_CaptureCallback               0x0800a6c9   Thumb Code    50  encoder_velocity.o(.text)
    HAL_TIM_PeriodElapsedCallback            0x0800a6fb   Thumb Code    84  encoder_velocity.o(.text)
    MOTOR_PULSE_COUNT_Init                   0x0800a7b1   Thumb Code    42  encoder_position.o(.text)
    PreProcess_Get_Velocity_IRQHandler       0x0800a7db   Thumb Code    62  encoder_position.o(.text)
    Get_Velocity_Basedon_PulseCount          0x0800a819   Thumb Code   324  encoder_position.o(.text)
    Get_Velocity_Average                     0x0800a95d   Thumb Code    80  encoder_position.o(.text)
    MX_TIM3_Encoder_Init                     0x0800a9ad   Thumb Code    98  encoder_position.o(.text)
    MX_TIM8_Encoder_Init                     0x0800aa0f   Thumb Code    98  encoder_position.o(.text)
    Set_Reference_Point_Encoder              0x0800aa71   Thumb Code    10  encoder_position.o(.text)
    Get_Position                             0x0800aa7b   Thumb Code    56  encoder_position.o(.text)
    Get_DIR                                  0x0800aab3   Thumb Code    18  encoder_position.o(.text)
    Motor_Handle_Init                        0x0800ab31   Thumb Code   154  control.o(.text)
    PID_Angle_Handle_Init                    0x0800abcb   Thumb Code    52  control.o(.text)
    PID_SPEED_Handle_Init                    0x0800abff   Thumb Code    52  control.o(.text)
    PID_Angle_Control                        0x0800ac33   Thumb Code    28  control.o(.text)
    PID_Speed_Control                        0x0800ac4f   Thumb Code    28  control.o(.text)
    UPDATE_STATE_FUNCTION                    0x0800ac6b   Thumb Code     6  control.o(.text)
    PID_Speed_Control_LEFT_and_RIGHT         0x0800ac71   Thumb Code   214  control.o(.text)
    control_angle                            0x0800ad47   Thumb Code   210  control.o(.text)
    SowingMachine_Control_State_Machine      0x0800ae19   Thumb Code   466  control.o(.text)
    SowingMachine_Control                    0x0800afeb   Thumb Code    18  control.o(.text)
    HAL_GPIO_EXTI_Callback                   0x0800affd   Thumb Code    32  control.o(.text)
    UTM_Deg2utm                              0x0800b025   Thumb Code  2000  utm.o(.text)
    Path_Heading_Calculate                   0x0800b7f5   Thumb Code   258  utm.o(.text)
    GPS_Reading_Data                         0x0800b969   Thumb Code  1714  gps.o(.text)
    Int2Str                                  0x0800c01b   Thumb Code   110  gps.o(.text)
    Double2Str                               0x0800c089   Thumb Code   262  gps.o(.text)
    IMU_CALIB                                0x0800c18f   Thumb Code   722  gps.o(.text)
    IMU_Reading_Data                         0x0800c461   Thumb Code   428  gps.o(.text)
    Get_IMUHeading                           0x0800c60d   Thumb Code    10  gps.o(.text)
    Get_LongGPS                              0x0800c617   Thumb Code    10  gps.o(.text)
    Get_LatGPS                               0x0800c621   Thumb Code   184  gps.o(.text)
    GPS_Pre_Process                          0x0800c6d9   Thumb Code    84  gps.o(.text)
    IMU_Pre_Process                          0x0800c72d   Thumb Code    86  gps.o(.text)
    String_Merger                            0x0800c783   Thumb Code    86  gps.o(.text)
    IndexTOstr                               0x0800c7d9   Thumb Code    98  gps.o(.text)
    upload                                   0x0800c83b   Thumb Code   164  gps.o(.text)
    MX_UART4_Init                            0x0800c8df   Thumb Code    54  gps.o(.text)
    MX_USART1_Init                           0x0800c915   Thumb Code    56  gps.o(.text)
    MX_USART2_Init                           0x0800c94d   Thumb Code    56  gps.o(.text)
    MX_DMA_Init                              0x0800c985   Thumb Code    70  gps.o(.text)
    Stanley_Set_Trajectory_Size              0x0800ca21   Thumb Code    58  stanley.o(.text)
    Stanley_Add_Coordinate                   0x0800ca5b   Thumb Code    20  stanley.o(.text)
    Stanley_Add_Steer_Ang                    0x0800ca6f   Thumb Code     8  stanley.o(.text)
    Stanley_Add_K                            0x0800ca77   Thumb Code     8  stanley.o(.text)
    Stanley_Add_Velocity                     0x0800ca7f   Thumb Code     8  stanley.o(.text)
    Min_Index                                0x0800ca87   Thumb Code    66  stanley.o(.text)
    Stanley_Slope                            0x0800cac9   Thumb Code   646  stanley.o(.text)
    Stanley_Scan_Distance                    0x0800cd4f   Thumb Code   154  stanley.o(.text)
    Stanley_Algorithm                        0x0800cde9   Thumb Code  1402  stanley.o(.text)
    Stanley_Init                             0x0800d363   Thumb Code    36  stanley.o(.text)
    Stanley_Get_Steer_Ang                    0x0800d387   Thumb Code     8  stanley.o(.text)
    Stanley_Set_Size                         0x0800d38f   Thumb Code     8  stanley.o(.text)
    Stanley_Test_Sample_Trajectory           0x0800d397   Thumb Code    68  stanley.o(.text)
    __aeabi_memset                           0x0800d3ed   Thumb Code    14  memseta.o(.text)
    __aeabi_memset4                          0x0800d3ed   Thumb Code     0  memseta.o(.text)
    __aeabi_memset8                          0x0800d3ed   Thumb Code     0  memseta.o(.text)
    __aeabi_memclr                           0x0800d3fb   Thumb Code     4  memseta.o(.text)
    __aeabi_memclr4                          0x0800d3fb   Thumb Code     0  memseta.o(.text)
    __aeabi_memclr8                          0x0800d3fb   Thumb Code     0  memseta.o(.text)
    _memset$wrapper                          0x0800d3ff   Thumb Code    18  memseta.o(.text)
    __aeabi_dadd                             0x0800d411   Thumb Code   322  dadd.o(.text)
    __aeabi_dsub                             0x0800d553   Thumb Code     6  dadd.o(.text)
    __aeabi_drsub                            0x0800d559   Thumb Code     6  dadd.o(.text)
    __aeabi_dmul                             0x0800d55f   Thumb Code   228  dmul.o(.text)
    __aeabi_ddiv                             0x0800d643   Thumb Code   222  ddiv.o(.text)
    __aeabi_i2d                              0x0800d721   Thumb Code    34  dflti.o(.text)
    __aeabi_ui2d                             0x0800d743   Thumb Code    26  dfltui.o(.text)
    __aeabi_d2iz                             0x0800d75d   Thumb Code    62  dfixi.o(.text)
    __aeabi_d2uiz                            0x0800d79b   Thumb Code    50  dfixui.o(.text)
    __aeabi_f2d                              0x0800d7cd   Thumb Code    38  f2d.o(.text)
    __aeabi_cdcmpeq                          0x0800d7f5   Thumb Code     0  cdcmple.o(.text)
    __aeabi_cdcmple                          0x0800d7f5   Thumb Code    48  cdcmple.o(.text)
    __aeabi_cdrcmple                         0x0800d825   Thumb Code    48  cdrcmple.o(.text)
    __aeabi_llsl                             0x0800d855   Thumb Code    30  llshl.o(.text)
    _ll_shift_l                              0x0800d855   Thumb Code     0  llshl.o(.text)
    __aeabi_llsr                             0x0800d873   Thumb Code    32  llushr.o(.text)
    _ll_ushift_r                             0x0800d873   Thumb Code     0  llushr.o(.text)
    __aeabi_lasr                             0x0800d893   Thumb Code    36  llsshr.o(.text)
    _ll_sshift_r                             0x0800d893   Thumb Code     0  llsshr.o(.text)
    __I$use$fp                               0x0800d8b7   Thumb Code     0  iusefp.o(.text)
    _double_round                            0x0800d8b7   Thumb Code    30  depilogue.o(.text)
    _double_epilogue                         0x0800d8d5   Thumb Code   156  depilogue.o(.text)
    __ARM_scalbn                             0x0800d971   Thumb Code    46  dscalb.o(.text)
    scalbn                                   0x0800d971   Thumb Code     0  dscalb.o(.text)
    _dsqrt                                   0x0800d99f   Thumb Code   162  dsqrt.o(.text)
    __scatterload                            0x0800da41   Thumb Code    28  init.o(.text)
    __scatterload_rt2                        0x0800da41   Thumb Code     0  init.o(.text)
    __decompress                             0x0800da65   Thumb Code     0  __dczerorl2.o(.text)
    __decompress1                            0x0800da65   Thumb Code    86  __dczerorl2.o(.text)
    __ARM_fpclassify                         0x0800dabb   Thumb Code    48  fpclassify.o(i.__ARM_fpclassify)
    __hardfp_atan                            0x0800daf1   Thumb Code   622  atan.o(i.__hardfp_atan)
    __hardfp_atan2                           0x0800ddc9   Thumb Code   432  atan2.o(i.__hardfp_atan2)
    __hardfp_cos                             0x0800dfb9   Thumb Code   180  cos.o(i.__hardfp_cos)
    __hardfp_fabs                            0x0800e081   Thumb Code    20  fabs.o(i.__hardfp_fabs)
    __hardfp_floor                           0x0800e099   Thumb Code   252  floor.o(i.__hardfp_floor)
    __hardfp_log                             0x0800e1b1   Thumb Code   872  log.o(i.__hardfp_log)
    __hardfp_pow                             0x0800e579   Thumb Code  3072  pow.o(i.__hardfp_pow)
    __hardfp_sin                             0x0800f1c9   Thumb Code   180  sin.o(i.__hardfp_sin)
    __hardfp_sqrt                            0x0800f291   Thumb Code   122  sqrt.o(i.__hardfp_sqrt)
    __hardfp_tan                             0x0800f311   Thumb Code   108  tan.o(i.__hardfp_tan)
    __ieee754_rem_pio2                       0x0800f391   Thumb Code   938  rred.o(i.__ieee754_rem_pio2)
    __kernel_cos                             0x0800f7c9   Thumb Code   322  cos_i.o(i.__kernel_cos)
    __kernel_poly                            0x0800f939   Thumb Code   248  poly.o(i.__kernel_poly)
    __kernel_sin                             0x0800fa31   Thumb Code   280  sin_i.o(i.__kernel_sin)
    __kernel_tan                             0x0800fb61   Thumb Code   764  tan_i.o(i.__kernel_tan)
    __mathlib_dbl_divzero                    0x0800feb1   Thumb Code    28  dunder.o(i.__mathlib_dbl_divzero)
    __mathlib_dbl_infnan                     0x0800fee1   Thumb Code    20  dunder.o(i.__mathlib_dbl_infnan)
    __mathlib_dbl_infnan2                    0x0800fef5   Thumb Code    20  dunder.o(i.__mathlib_dbl_infnan2)
    __mathlib_dbl_invalid                    0x0800ff09   Thumb Code    24  dunder.o(i.__mathlib_dbl_invalid)
    __mathlib_dbl_overflow                   0x0800ff29   Thumb Code    24  dunder.o(i.__mathlib_dbl_overflow)
    __mathlib_dbl_underflow                  0x0800ff49   Thumb Code    24  dunder.o(i.__mathlib_dbl_underflow)
    __scatterload_copy                       0x0800ff69   Thumb Code    14  handlers.o(i.__scatterload_copy)
    __scatterload_null                       0x0800ff77   Thumb Code     2  handlers.o(i.__scatterload_null)
    __scatterload_zeroinit                   0x0800ff79   Thumb Code    14  handlers.o(i.__scatterload_zeroinit)
    __set_errno                              0x0800ff89   Thumb Code     6  errno.o(i.__set_errno)
    atan                                     0x0800ff95   Thumb Code    16  atan.o(i.atan)
    fabs                                     0x0800ffa5   Thumb Code    24  fabs.o(i.fabs)
    sqrt                                     0x0800ffbd   Thumb Code   110  sqrt.o(i.sqrt)
    AHBPrescTable                            0x0801002a   Data          16  system_stm32f4xx.o(.constdata)
    APBPrescTable                            0x0801003a   Data           8  system_stm32f4xx.o(.constdata)
    __mathlib_zero                           0x080101d8   Data           8  qnan.o(.constdata)
    Region$$Table$$Base                      0x08010330   Number         0  anon$$obj.o(Region$$Table)
    Region$$Table$$Limit                     0x08010350   Number         0  anon$$obj.o(Region$$Table)
    tick_start_test                          0x20000000   Data           4  stm32f4xx_it.o(.data)
    SystemCoreClock                          0x20000004   Data           4  system_stm32f4xx.o(.data)
    uwTick                                   0x20000008   Data           4  stm32f4xx_hal.o(.data)
    c_pid                                    0x20000010   Data           8  pid.o(.data)
    a_pid                                    0x20000018   Data           8  pid.o(.data)
    b_pid                                    0x20000020   Data           8  pid.o(.data)
    test_remove                              0x20000028   Data           4  encoder_velocity.o(.data)
    MODE                                     0x20000030   Data           1  control.o(.data)
    STATE                                    0x20000031   Data           1  control.o(.data)
    PREVIOUS_STATE                           0x20000032   Data           1  control.o(.data)
    COMMAND_STATE                            0x20000033   Data           1  control.o(.data)
    FLAG_TESTING                             0x20000034   Data           1  control.o(.data)
    Turn_Right                               0x20000035   Data           1  control.o(.data)
    FLAG_START                               0x20000036   Data           1  control.o(.data)
    Vehicle_Utmzone                          0x20000037   Data           2  control.o(.data)
    tick_start_Speed                         0x2000003c   Data           4  control.o(.data)
    tick_start_Angle                         0x20000040   Data           4  control.o(.data)
    Test_1                                   0x20000044   Data           4  control.o(.data)
    tick_measure_1                           0x20000048   Data           4  control.o(.data)
    tick_measure_2                           0x2000004c   Data           4  control.o(.data)
    ui32_Trajectory_Size                     0x20000050   Data           4  control.o(.data)
    pwm0                                     0x20000058   Data           8  control.o(.data)
    pwm1                                     0x20000060   Data           8  control.o(.data)
    vleft                                    0x20000068   Data           8  control.o(.data)
    vright                                   0x20000070   Data           8  control.o(.data)
    v_offset                                 0x20000078   Data           8  control.o(.data)
    v_init                                   0x20000080   Data           8  control.o(.data)
    Cur_Angle                                0x20000088   Data           8  control.o(.data)
    SetPoint_Angle                           0x20000090   Data           8  control.o(.data)
    ui8_Utmzone                              0x20000098   Data           8  control.o(.data)
    PID_PWM_R                                0x200000a0   Data         128  control.o(.data)
    PID_Angle                                0x20000120   Data         128  control.o(.data)
    PID_PWM_L                                0x200001a0   Data         128  control.o(.data)
    dTrajectory                              0x20000220   Data          64  control.o(.data)
    Huso                                     0x20000260   Data           1  utm.o(.data)
    Letra                                    0x20000261   Data           1  utm.o(.data)
    sa                                       0x20000268   Data           8  utm.o(.data)
    sb                                       0x20000270   Data           8  utm.o(.data)
    c                                        0x20000278   Data           8  utm.o(.data)
    la                                       0x20000280   Data           8  utm.o(.data)
    lo                                       0x20000288   Data           8  utm.o(.data)
    lat                                      0x20000290   Data           8  utm.o(.data)
    lon                                      0x20000298   Data           8  utm.o(.data)
    S                                        0x200002a0   Data           8  utm.o(.data)
    deltaS                                   0x200002a8   Data           8  utm.o(.data)
    a                                        0x200002b0   Data           8  utm.o(.data)
    epsilon                                  0x200002b8   Data           8  utm.o(.data)
    nu                                       0x200002c0   Data           8  utm.o(.data)
    v                                        0x200002c8   Data           8  utm.o(.data)
    ta                                       0x200002d0   Data           8  utm.o(.data)
    a1                                       0x200002d8   Data           8  utm.o(.data)
    a2                                       0x200002e0   Data           8  utm.o(.data)
    j2                                       0x200002e8   Data           8  utm.o(.data)
    j4                                       0x200002f0   Data           8  utm.o(.data)
    j6                                       0x200002f8   Data           8  utm.o(.data)
    alfa                                     0x20000300   Data           8  utm.o(.data)
    beta                                     0x20000308   Data           8  utm.o(.data)
    gama                                     0x20000310   Data           8  utm.o(.data)
    Bm                                       0x20000318   Data           8  utm.o(.data)
    xx                                       0x20000320   Data           8  utm.o(.data)
    yy                                       0x20000328   Data           8  utm.o(.data)
    e2cuadrada                               0x20000330   Data           8  utm.o(.data)
    e2cuadrada1                              0x20000338   Data           8  utm.o(.data)
    tempp                                    0x20000340   Data           1  gps.o(.data)
    count                                    0x20000341   Data           1  gps.o(.data)
    check_GGA                                0x20000342   Data           1  gps.o(.data)
    check_VTG                                0x20000343   Data           1  gps.o(.data)
    check_GSA                                0x20000344   Data           1  gps.o(.data)
    turn_send                                0x2000034e   Data           2  gps.o(.data)
    sai_so                                   0x20000350   Data           4  gps.o(.data)
    index_send                               0x20000354   Data           4  gps.o(.data)
    angle                                    0x20000358   Data           7  gps.o(.data)
    imuuu                                    0x2000035f   Data           7  gps.o(.data)
    IMU_send                                 0x20000366   Data           7  gps.o(.data)
    steering_send                            0x2000036d   Data           7  gps.o(.data)
    true_Lat                                 0x20000378   Data           8  gps.o(.data)
    true_Long                                0x20000380   Data           8  gps.o(.data)
    true_angle                               0x20000388   Data           8  gps.o(.data)
    mean                                     0x20000390   Data           8  gps.o(.data)
    true_Lat1                                0x20000398   Data           8  gps.o(.data)
    true_Long1                               0x200003a0   Data           8  gps.o(.data)
    test_test                                0x200003a8   Data           8  gps.o(.data)
    kinh_do                                  0x200003b0   Data           8  gps.o(.data)
    vi_do                                    0x200003b8   Data           8  gps.o(.data)
    Imu_gt                                   0x200003c0   Data           8  gps.o(.data)
    Imu_real                                 0x200003c8   Data           8  gps.o(.data)
    Imu_real_calib                           0x200003d0   Data           8  gps.o(.data)
    angle_heading                            0x200003d8   Data           8  gps.o(.data)
    i8_TURN_RIGHT                            0x200003e0   Data           1  stanley.o(.data)
    dDis_test                                0x200003e8   Data           8  stanley.o(.data)
    f_sign_val                               0x200003f0   Data           8  stanley.o(.data)
    f_x                                      0x200003f8   Data           8  stanley.o(.data)
    f_phi                                    0x20000400   Data           8  stanley.o(.data)
    hi2c1                                    0x2000040c   Data          84  main.o(.bss)
    hsd                                      0x20000460   Data         132  main.o(.bss)
    TIM_MOTORLEFT_PWM_Handle                 0x200004e4   Data          60  pwm.o(.bss)
    TIM_MOTORRIGHT_PWM_Handle                0x20000520   Data          60  pwm.o(.bss)
    TIM_MOTORRIGHT_VELOCITY_Handle           0x2000055c   Data          60  encoder_velocity.o(.bss)
    TIM_MOTORLEFT_VELOCITY_Handle            0x20000598   Data          60  encoder_velocity.o(.bss)
    IC_Motor_Left_State                      0x200005d4   Data          16  encoder_velocity.o(.bss)
    IC_Motor_Right_State                     0x200005e4   Data          16  encoder_velocity.o(.bss)
    TIM_MOTORLEFT_POSITION_Handle            0x200005f8   Data          60  encoder_position.o(.bss)
    TIM_MOTORRIGHT_POSITION_Handle           0x20000634   Data          60  encoder_position.o(.bss)
    MOTORLEFT_Pulse_Count                    0x20000670   Data          24  encoder_position.o(.bss)
    MOTORRIGHT_Pulse_Count                   0x20000688   Data          24  encoder_position.o(.bss)
    MOTOR_LEFT_HANDLE                        0x200006a0   Data         104  control.o(.bss)
    MOTOR_RIGHT_HANDLE                       0x20000708   Data         104  control.o(.bss)
    MOTOR_LEFT_Angle_PID_HANDLE              0x20000770   Data         128  control.o(.bss)
    MOTOR_RIGHT_Angle_PID_HANDLE             0x200007f0   Data         128  control.o(.bss)
    MOTOR_LEFT_Speed_PID_HANDLE              0x20000870   Data         128  control.o(.bss)
    MOTOR_RIGHT_Speed_PID_HANDLE             0x200008f0   Data         128  control.o(.bss)
    dTrajectory_UTM                          0x20000970   Data          64  control.o(.bss)
    Vehicle_Coordinate                       0x200009b0   Data          16  control.o(.bss)
    Vehicle_Coordinate_UTM                   0x200009c0   Data          16  control.o(.bss)
    temp                                     0x200009d0   Data          14  gps.o(.bss)
    temp1                                    0x200009de   Data          16  gps.o(.bss)
    temp2                                    0x200009ee   Data          20  gps.o(.bss)
    temp3                                    0x20000a02   Data          27  gps.o(.bss)
    xbuffer                                  0x20000a1d   Data        1024  gps.o(.bss)
    IMUbuffer                                0x20000e1d   Data        1024  gps.o(.bss)
    long_data                                0x2000121d   Data          11  gps.o(.bss)
    lat_data                                 0x20001228   Data          12  gps.o(.bss)
    GSA                                      0x20001234   Data         100  gps.o(.bss)
    huart4                                   0x20001298   Data          64  gps.o(.bss)
    huart1                                   0x200012d8   Data          64  gps.o(.bss)
    huart2                                   0x20001318   Data          64  gps.o(.bss)
    hdma_uart4_rx                            0x20001358   Data          96  gps.o(.bss)
    hdma_uart4_tx                            0x200013b8   Data          96  gps.o(.bss)
    hdma_uart1_rx                            0x20001418   Data          96  gps.o(.bss)
    Parameter                                0x20001478   Data        2464  stanley.o(.bss)
    paral_vct                                0x20001e18   Data          16  stanley.o(.bss)
    perpen_vct                               0x20001e28   Data          16  stanley.o(.bss)
    point2line_vct                           0x20001e38   Data          16  stanley.o(.bss)
    __initial_sp                             0x20002248   Data           0  startup_stm32f407xx.o(STACK)



==============================================================================

Memory Map of the image

  Image Entry point : 0x08000189

  Load Region LR_IROM1 (Base: 0x08000000, Size: 0x0001075c, Max: 0x00100000, ABSOLUTE, COMPRESSED[0x000103ec])

    Execution Region ER_IROM1 (Base: 0x08000000, Size: 0x00010350, Max: 0x00100000, ABSOLUTE)

    Base Addr    Size         Type   Attr      Idx    E Section Name        Object

    0x08000000   0x00000188   Data   RO          284    RESET               startup_stm32f407xx.o
    0x08000188   0x00000000   Code   RO         1127  * .ARM.Collect$$$$00000000  mc_w.l(entry.o)
    0x08000188   0x00000004   Code   RO         1193    .ARM.Collect$$$$00000001  mc_w.l(entry2.o)
    0x0800018c   0x00000004   Code   RO         1196    .ARM.Collect$$$$00000004  mc_w.l(entry5.o)
    0x08000190   0x00000000   Code   RO         1198    .ARM.Collect$$$$00000008  mc_w.l(entry7b.o)
    0x08000190   0x00000000   Code   RO         1200    .ARM.Collect$$$$0000000A  mc_w.l(entry8b.o)
    0x08000190   0x00000008   Code   RO         1201    .ARM.Collect$$$$0000000B  mc_w.l(entry9a.o)
    0x08000198   0x00000000   Code   RO         1203    .ARM.Collect$$$$0000000D  mc_w.l(entry10a.o)
    0x08000198   0x00000000   Code   RO         1205    .ARM.Collect$$$$0000000F  mc_w.l(entry11a.o)
    0x08000198   0x00000004   Code   RO         1194    .ARM.Collect$$$$00002712  mc_w.l(entry2.o)
    0x0800019c   0x000000bc   Code   RO            4    .text               stm32f4xx_it.o
    0x08000258   0x00000290   Code   RO          175    .text               main.o
    0x080004e8   0x000005e0   Code   RO          228    .text               stm32f4xx_hal_msp.o
    0x08000ac8   0x000000c8   Code   RO          253    .text               system_stm32f4xx.o
    0x08000b90   0x00000024   Code   RO          285    .text               startup_stm32f407xx.o
    0x08000bb4   0x00000324   Code   RO          292    .text               stm32f4xx_hal_gpio.o
    0x08000ed8   0x000006c8   Code   RO          316    .text               stm32f4xx_hal_dma.o
    0x080015a0   0x00000264   Code   RO          341    .text               stm32f4xx_hal_cortex.o
    0x08001804   0x00001000   Code   RO          421    .text               stm32f4xx_hal_uart.o
    0x08002804   0x000013ec   Code   RO          463    .text               stm32f4xx_hal_sd.o
    0x08003bf0   0x00000194   Code   RO          529    .text               stm32f4xx_hal.o
    0x08003d84   0x00001e62   Code   RO          556    .text               stm32f4xx_hal_tim.o
    0x08005be6   0x00000002   PAD
    0x08005be8   0x0000072c   Code   RO          581    .text               stm32f4xx_hal_rcc.o
    0x08006314   0x000029a8   Code   RO          606    .text               stm32f4xx_hal_i2c.o
    0x08008cbc   0x00000a94   Code   RO          678    .text               stm32f4xx_hal_tim_ex.o
    0x08009750   0x000007c8   Code   RO          726    .text               stm32f4xx_ll_sdmmc.o
    0x08009f18   0x000001b0   Code   RO          751    .text               pwm.o
    0x0800a0c8   0x00000350   Code   RO          781    .text               pid.o
    0x0800a418   0x00000398   Code   RO          808    .text               encoder_velocity.o
    0x0800a7b0   0x00000380   Code   RO          839    .text               encoder_position.o
    0x0800ab30   0x000004f4   Code   RO          869    .text               control.o
    0x0800b024   0x00000944   Code   RO          916    .text               utm.o
    0x0800b968   0x000010b8   Code   RO          935    .text               gps.o
    0x0800ca20   0x000009cc   Code   RO          977    .text               stanley.o
    0x0800d3ec   0x00000024   Code   RO         1130    .text               mc_w.l(memseta.o)
    0x0800d410   0x0000014e   Code   RO         1132    .text               mf_w.l(dadd.o)
    0x0800d55e   0x000000e4   Code   RO         1134    .text               mf_w.l(dmul.o)
    0x0800d642   0x000000de   Code   RO         1136    .text               mf_w.l(ddiv.o)
    0x0800d720   0x00000022   Code   RO         1140    .text               mf_w.l(dflti.o)
    0x0800d742   0x0000001a   Code   RO         1142    .text               mf_w.l(dfltui.o)
    0x0800d75c   0x0000003e   Code   RO         1144    .text               mf_w.l(dfixi.o)
    0x0800d79a   0x00000032   Code   RO         1146    .text               mf_w.l(dfixui.o)
    0x0800d7cc   0x00000026   Code   RO         1148    .text               mf_w.l(f2d.o)
    0x0800d7f2   0x00000002   PAD
    0x0800d7f4   0x00000030   Code   RO         1150    .text               mf_w.l(cdcmple.o)
    0x0800d824   0x00000030   Code   RO         1152    .text               mf_w.l(cdrcmple.o)
    0x0800d854   0x0000001e   Code   RO         1207    .text               mc_w.l(llshl.o)
    0x0800d872   0x00000020   Code   RO         1209    .text               mc_w.l(llushr.o)
    0x0800d892   0x00000024   Code   RO         1211    .text               mc_w.l(llsshr.o)
    0x0800d8b6   0x00000000   Code   RO         1220    .text               mc_w.l(iusefp.o)
    0x0800d8b6   0x000000ba   Code   RO         1221    .text               mf_w.l(depilogue.o)
    0x0800d970   0x0000002e   Code   RO         1223    .text               mf_w.l(dscalb.o)
    0x0800d99e   0x000000a2   Code   RO         1225    .text               mf_w.l(dsqrt.o)
    0x0800da40   0x00000024   Code   RO         1227    .text               mc_w.l(init.o)
    0x0800da64   0x00000056   Code   RO         1237    .text               mc_w.l(__dczerorl2.o)
    0x0800daba   0x00000030   Code   RO         1171    i.__ARM_fpclassify  m_wm.l(fpclassify.o)
    0x0800daea   0x00000006   PAD
    0x0800daf0   0x000002d8   Code   RO         1013    i.__hardfp_atan     m_wm.l(atan.o)
    0x0800ddc8   0x000001f0   Code   RO         1027    i.__hardfp_atan2    m_wm.l(atan2.o)
    0x0800dfb8   0x000000c8   Code   RO         1039    i.__hardfp_cos      m_wm.l(cos.o)
    0x0800e080   0x00000014   Code   RO         1051    i.__hardfp_fabs     m_wm.l(fabs.o)
    0x0800e094   0x00000004   PAD
    0x0800e098   0x00000118   Code   RO         1057    i.__hardfp_floor    m_wm.l(floor.o)
    0x0800e1b0   0x000003c4   Code   RO         1063    i.__hardfp_log      m_wm.l(log.o)
    0x0800e574   0x00000004   PAD
    0x0800e578   0x00000c50   Code   RO         1077    i.__hardfp_pow      m_wm.l(pow.o)
    0x0800f1c8   0x000000c8   Code   RO         1091    i.__hardfp_sin      m_wm.l(sin.o)
    0x0800f290   0x0000007a   Code   RO         1103    i.__hardfp_sqrt     m_wm.l(sqrt.o)
    0x0800f30a   0x00000006   PAD
    0x0800f310   0x00000080   Code   RO         1115    i.__hardfp_tan      m_wm.l(tan.o)
    0x0800f390   0x00000438   Code   RO         1176    i.__ieee754_rem_pio2  m_wm.l(rred.o)
    0x0800f7c8   0x00000170   Code   RO         1154    i.__kernel_cos      m_wm.l(cos_i.o)
    0x0800f938   0x000000f8   Code   RO         1173    i.__kernel_poly     m_wm.l(poly.o)
    0x0800fa30   0x00000130   Code   RO         1181    i.__kernel_sin      m_wm.l(sin_i.o)
    0x0800fb60   0x00000350   Code   RO         1187    i.__kernel_tan      m_wm.l(tan_i.o)
    0x0800feb0   0x00000030   Code   RO         1157    i.__mathlib_dbl_divzero  m_wm.l(dunder.o)
    0x0800fee0   0x00000014   Code   RO         1158    i.__mathlib_dbl_infnan  m_wm.l(dunder.o)
    0x0800fef4   0x00000014   Code   RO         1159    i.__mathlib_dbl_infnan2  m_wm.l(dunder.o)
    0x0800ff08   0x00000020   Code   RO         1160    i.__mathlib_dbl_invalid  m_wm.l(dunder.o)
    0x0800ff28   0x00000020   Code   RO         1161    i.__mathlib_dbl_overflow  m_wm.l(dunder.o)
    0x0800ff48   0x00000020   Code   RO         1163    i.__mathlib_dbl_underflow  m_wm.l(dunder.o)
    0x0800ff68   0x0000000e   Code   RO         1231    i.__scatterload_copy  mc_w.l(handlers.o)
    0x0800ff76   0x00000002   Code   RO         1232    i.__scatterload_null  mc_w.l(handlers.o)
    0x0800ff78   0x0000000e   Code   RO         1233    i.__scatterload_zeroinit  mc_w.l(handlers.o)
    0x0800ff86   0x00000002   PAD
    0x0800ff88   0x0000000c   Code   RO         1215    i.__set_errno       mc_w.l(errno.o)
    0x0800ff94   0x00000010   Code   RO         1015    i.atan              m_wm.l(atan.o)
    0x0800ffa4   0x00000018   Code   RO         1053    i.fabs              m_wm.l(fabs.o)
    0x0800ffbc   0x0000006e   Code   RO         1105    i.sqrt              m_wm.l(sqrt.o)
    0x0801002a   0x00000010   Data   RO          254    .constdata          system_stm32f4xx.o
    0x0801003a   0x00000008   Data   RO          255    .constdata          system_stm32f4xx.o
    0x08010042   0x00000008   Data   RO          317    .constdata          stm32f4xx_hal_dma.o
    0x0801004a   0x00000006   PAD
    0x08010050   0x00000098   Data   RO         1016    .constdata          m_wm.l(atan.o)
    0x080100e8   0x00000038   Data   RO         1066    .constdata          m_wm.l(log.o)
    0x08010120   0x00000088   Data   RO         1080    .constdata          m_wm.l(pow.o)
    0x080101a8   0x00000030   Data   RO         1155    .constdata          m_wm.l(cos_i.o)
    0x080101d8   0x00000008   Data   RO         1175    .constdata          m_wm.l(qnan.o)
    0x080101e0   0x000000c8   Data   RO         1178    .constdata          m_wm.l(rred.o)
    0x080102a8   0x00000028   Data   RO         1182    .constdata          m_wm.l(sin_i.o)
    0x080102d0   0x00000060   Data   RO         1188    .constdata          m_wm.l(tan_i.o)
    0x08010330   0x00000020   Data   RO         1229    Region$$Table       anon$$obj.o


    Execution Region RW_IRAM1 (Base: 0x20000000, Size: 0x00002248, Max: 0x00020000, ABSOLUTE, COMPRESSED[0x0000009c])

    Base Addr    Size         Type   Attr      Idx    E Section Name        Object

    0x20000000   0x00000004   Data   RW            5    .data               stm32f4xx_it.o
    0x20000004   0x00000004   Data   RW          256    .data               system_stm32f4xx.o
    0x20000008   0x00000004   Data   RW          530    .data               stm32f4xx_hal.o
    0x2000000c   0x00000004   PAD
    0x20000010   0x00000018   Data   RW          782    .data               pid.o
    0x20000028   0x00000004   Data   RW          810    .data               encoder_velocity.o
    0x2000002c   0x00000004   PAD
    0x20000030   0x00000230   Data   RW          871    .data               control.o
    0x20000260   0x000000e0   Data   RW          917    .data               utm.o
    0x20000340   0x000000a0   Data   RW          941    .data               gps.o
    0x200003e0   0x00000028   Data   RW          979    .data               stanley.o
    0x20000408   0x00000004   Data   RW         1216    .data               mc_w.l(errno.o)
    0x2000040c   0x000000d8   Zero   RW          176    .bss                main.o
    0x200004e4   0x00000078   Zero   RW          752    .bss                pwm.o
    0x2000055c   0x00000098   Zero   RW          809    .bss                encoder_velocity.o
    0x200005f4   0x00000004   PAD
    0x200005f8   0x000000a8   Zero   RW          840    .bss                encoder_position.o
    0x200006a0   0x00000330   Zero   RW          870    .bss                control.o
    0x200009d0   0x00000988   Zero   RW          936    .bss                gps.o
    0x20001358   0x00000060   Zero   RW          938    .bss                gps.o
    0x200013b8   0x00000060   Zero   RW          939    .bss                gps.o
    0x20001418   0x00000060   Zero   RW          940    .bss                gps.o
    0x20001478   0x000009d0   Zero   RW          978    .bss                stanley.o
    0x20001e48   0x00000400   Zero   RW          282    STACK               startup_stm32f407xx.o


==============================================================================

Image component sizes


      Code (inc. data)   RO Data    RW Data    ZI Data      Debug   Object Name

      1268        152          0        560        816       7469   control.o
       896        108          0          0        168       3964   encoder_position.o
       920         98          0          4        152       4049   encoder_velocity.o
      4280        488          0        160       2728       9248   gps.o
       656         60          0          0        216       3769   main.o
       848         64          0         24          0       2825   pid.o
       432         42          0          0        120       2318   pwm.o
      2508         92          0         40       2512       6448   stanley.o
        36          8        392          0       1024        892   startup_stm32f407xx.o
       404         34          0          4          0       5462   stm32f4xx_hal.o
       612          8          0          0          0      32646   stm32f4xx_hal_cortex.o
      1736         38          8          0          0       7861   stm32f4xx_hal_dma.o
       804         44          0          0          0       4135   stm32f4xx_hal_gpio.o
     10664        146          0          0          0      36018   stm32f4xx_hal_i2c.o
      1504        140          0          0          0       4890   stm32f4xx_hal_msp.o
      1836         58          0          0          0       5805   stm32f4xx_hal_rcc.o
      5100         40          0          0          0      17617   stm32f4xx_hal_sd.o
      7778        124          0          0          0      32420   stm32f4xx_hal_tim.o
      2708         24          0          0          0      12254   stm32f4xx_hal_tim_ex.o
      4096         50          0          0          0      16440   stm32f4xx_hal_uart.o
       188         26          0          4          0     717921   stm32f4xx_it.o
      1992         20          0          0          0      14703   stm32f4xx_ll_sdmmc.o
       200         28         24          4          0       1797   system_stm32f4xx.o
      2372        352          0        224          0       3160   utm.o

    ----------------------------------------------------------------------
     53840       2244        462       1032       7740     954111   Object Totals
         0          0         32          0          0          0   (incl. Generated)
         2          0          6          8          4          0   (incl. Padding)

    ----------------------------------------------------------------------

      Code (inc. data)   RO Data    RW Data    ZI Data      Debug   Library Member Name

       744        106        152          0          0        352   atan.o
       496         64          0          0          0        192   atan2.o
       200         20          0          0          0        164   cos.o
       368         46         48          0          0        200   cos_i.o
       184         44          0          0          0        744   dunder.o
        44          0          0          0          0        248   fabs.o
       280         28          0          0          0        156   floor.o
        48          0          0          0          0        124   fpclassify.o
       964         92         56          0          0        316   log.o
       248          0          0          0          0        152   poly.o
      3152        296        136          0          0        352   pow.o
         0          0          8          0          0          0   qnan.o
      1080        142        200          0          0        188   rred.o
       200         20          0          0          0        164   sin.o
       304         24         40          0          0        208   sin_i.o
       232          0          0          0          0        296   sqrt.o
       128         20          0          0          0        144   tan.o
       848         84         96          0          0        196   tan_i.o
        86          0          0          0          0          0   __dczerorl2.o
         0          0          0          0          0          0   entry.o
         0          0          0          0          0          0   entry10a.o
         0          0          0          0          0          0   entry11a.o
         8          4          0          0          0          0   entry2.o
         4          0          0          0          0          0   entry5.o
         0          0          0          0          0          0   entry7b.o
         0          0          0          0          0          0   entry8b.o
         8          4          0          0          0          0   entry9a.o
        12          6          0          4          0         68   errno.o
        30          0          0          0          0          0   handlers.o
        36          8          0          0          0         68   init.o
         0          0          0          0          0          0   iusefp.o
        30          0          0          0          0         68   llshl.o
        36          0          0          0          0         68   llsshr.o
        32          0          0          0          0         68   llushr.o
        36          0          0          0          0        108   memseta.o
        48          0          0          0          0         68   cdcmple.o
        48          0          0          0          0         68   cdrcmple.o
       334          0          0          0          0        148   dadd.o
       222          0          0          0          0        100   ddiv.o
       186          0          0          0          0        176   depilogue.o
        62          0          0          0          0         80   dfixi.o
        50          0          0          0          0         76   dfixui.o
        34          0          0          0          0         76   dflti.o
        26          0          0          0          0         76   dfltui.o
       228          0          0          0          0         96   dmul.o
        46          0          0          0          0         80   dscalb.o
       162          0          0          0          0        100   dsqrt.o
        38          0          0          0          0         68   f2d.o

    ----------------------------------------------------------------------
     11346       1012        736          4          0       5856   Library Totals
        24          4          0          0          0          0   (incl. Padding)

    ----------------------------------------------------------------------

      Code (inc. data)   RO Data    RW Data    ZI Data      Debug   Library Name

      9520        986        736          0          0       4196   m_wm.l
       318         22          0          4          0        448   mc_w.l
      1484          0          0          0          0       1212   mf_w.l

    ----------------------------------------------------------------------
     11346       1012        736          4          0       5856   Library Totals

    ----------------------------------------------------------------------

==============================================================================


      Code (inc. data)   RO Data    RW Data    ZI Data      Debug   

     65186       3256       1198       1036       7740     949671   Grand Totals
     65186       3256       1198        156       7740     949671   ELF Image Totals (compressed)
     65186       3256       1198        156          0          0   ROM Totals

==============================================================================

    Total RO  Size (Code + RO Data)                66384 (  64.83kB)
    Total RW  Size (RW Data + ZI Data)              8776 (   8.57kB)
    Total ROM Size (Code + RO Data + RW Data)      66540 (  64.98kB)

==============================================================================

