<html>
<body>
<pre>
<h1>µVision Build Log</h1>
<h2>Tool Versions:</h2>
IDE-Version: µVision V5.18.0.0
Copyright (C) 2016 ARM Ltd and ARM Germany GmbH. All rights reserved.
License Information: Ta Thanh, IMT, LIC=47GDY-IR2WQ-3YLVY-IMY41-V2YW9-0QLG1
 
Tool Versions:
Toolchain:       MDK-ARM Standard  Version: 5.18
Toolchain Path:  C:\Keil_v5\ARM\ARMCC\Bin
C Compiler:      Armcc.exe V5.06 update 1 (build 61)
Assembler:       Armasm.exe V5.06 update 1 (build 61)
Linker/Locator:  ArmLink.exe V5.06 update 1 (build 61)
Library Manager: ArmAr.exe V5.06 update 1 (build 61)
Hex Converter:   FromElf.exe V5.06 update 1 (build 61)
CPU DLL:         SARMCM3.DLL V5.18
Dialog DLL:      DCM.DLL V1.13.6.0
Target DLL:      STLink\ST-LINKIII-KEIL_SWO.dll V2.0.18.0
Dialog DLL:      TCM.DLL V1.14.8.0
 
<h2>Project:</h2>
C:\Users\tmtha\OneDrive\Desktop\15_4\Sowing_Machine_14_4\Sowing_Machine_14_4\Sowing_Machine-20180324T000845Z-001\Sowing_Machine\MDK-ARM\Sowing_Machine.uvprojx
Project File Date:  04/10/2018

<h2>Output:</h2>
*** Using Compiler 'V5.06 update 1 (build 61)', folder: 'C:\Keil_v5\ARM\ARMCC\Bin'
Build target 'Sowing_Machine'
compiling gps.c...
..\GPS_IMU\gps.c(428): warning:  #550-D: variable "sign" was set but never used
  	bool sign = false; //possitive
..\GPS_IMU\gps.c: 1 warning, 0 errors
linking...
Program Size: Code=65186 RO-data=1198 RW-data=1036 ZI-data=7740  
"Sowing_Machine\Sowing_Machine.axf" - 0 Error(s), 1 Warning(s).

<h2>Software Packages used:</h2>

Package Vendor: ARM
                http://www.keil.com/pack/ARM.CMSIS.4.5.0.pack
                ARM::CMSIS:CORE:4.3.0
                CMSIS (Cortex Microcontroller Software Interface Standard)
   * Component: CORE Version: 4.3.0

<h2>Collection of Component include folders:</h2>
  C:\Users\tmtha\OneDrive\Desktop\15_4\Sowing_Machine_14_4\Sowing_Machine_14_4\Sowing_Machine-20180324T000845Z-001\Sowing_Machine\MDK-ARM\RTE
  C:\Keil_v5\ARM\PACK\ARM\CMSIS\4.5.0\CMSIS\Include
  C:\Keil_v5\ARM\PACK\Keil\STM32F4xx_DFP\2.11.0\Drivers\CMSIS\Device\ST\STM32F4xx\Include

<h2>Collection of Component Files used:</h2>

   * Component: ARM::CMSIS:CORE:4.3.0
Build Time Elapsed:  00:00:10
</pre>
</body>
</html>
